Archive member included to satisfy reference by file (symbol)

C:/ST/STM32CubeIDE_1.17.0/STM32CubeIDE/plugins/com.st.stm32cube.ide.mcu.externaltools.gnu-tools-for-stm32.12.3.rel1.win32_1.1.0.202410251130/tools/bin/../lib/gcc/arm-none-eabi/12.3.1/../../../../arm-none-eabi/lib/thumb/v6-m/nofp\libc_nano.a(libc_a-exit.o)
                              C:/ST/STM32CubeIDE_1.17.0/STM32CubeIDE/plugins/com.st.stm32cube.ide.mcu.externaltools.gnu-tools-for-stm32.12.3.rel1.win32_1.1.0.202410251130/tools/bin/../lib/gcc/arm-none-eabi/12.3.1/../../../../arm-none-eabi/lib/thumb/v6-m/nofp/crt0.o (exit)
C:/ST/STM32CubeIDE_1.17.0/STM32CubeIDE/plugins/com.st.stm32cube.ide.mcu.externaltools.gnu-tools-for-stm32.12.3.rel1.win32_1.1.0.202410251130/tools/bin/../lib/gcc/arm-none-eabi/12.3.1/../../../../arm-none-eabi/lib/thumb/v6-m/nofp\libc_nano.a(libc_a-rand.o)
                              ./Core/Src/effects.o (rand)
C:/ST/STM32CubeIDE_1.17.0/STM32CubeIDE/plugins/com.st.stm32cube.ide.mcu.externaltools.gnu-tools-for-stm32.12.3.rel1.win32_1.1.0.202410251130/tools/bin/../lib/gcc/arm-none-eabi/12.3.1/../../../../arm-none-eabi/lib/thumb/v6-m/nofp\libc_nano.a(libc_a-findfp.o)
                              C:/ST/STM32CubeIDE_1.17.0/STM32CubeIDE/plugins/com.st.stm32cube.ide.mcu.externaltools.gnu-tools-for-stm32.12.3.rel1.win32_1.1.0.202410251130/tools/bin/../lib/gcc/arm-none-eabi/12.3.1/../../../../arm-none-eabi/lib/thumb/v6-m/nofp\libc_nano.a(libc_a-exit.o) (__stdio_exit_handler)
C:/ST/STM32CubeIDE_1.17.0/STM32CubeIDE/plugins/com.st.stm32cube.ide.mcu.externaltools.gnu-tools-for-stm32.12.3.rel1.win32_1.1.0.202410251130/tools/bin/../lib/gcc/arm-none-eabi/12.3.1/../../../../arm-none-eabi/lib/thumb/v6-m/nofp\libc_nano.a(libc_a-fwalk.o)
                              C:/ST/STM32CubeIDE_1.17.0/STM32CubeIDE/plugins/com.st.stm32cube.ide.mcu.externaltools.gnu-tools-for-stm32.12.3.rel1.win32_1.1.0.202410251130/tools/bin/../lib/gcc/arm-none-eabi/12.3.1/../../../../arm-none-eabi/lib/thumb/v6-m/nofp\libc_nano.a(libc_a-findfp.o) (_fwalk_sglue)
C:/ST/STM32CubeIDE_1.17.0/STM32CubeIDE/plugins/com.st.stm32cube.ide.mcu.externaltools.gnu-tools-for-stm32.12.3.rel1.win32_1.1.0.202410251130/tools/bin/../lib/gcc/arm-none-eabi/12.3.1/../../../../arm-none-eabi/lib/thumb/v6-m/nofp\libc_nano.a(libc_a-stdio.o)
                              C:/ST/STM32CubeIDE_1.17.0/STM32CubeIDE/plugins/com.st.stm32cube.ide.mcu.externaltools.gnu-tools-for-stm32.12.3.rel1.win32_1.1.0.202410251130/tools/bin/../lib/gcc/arm-none-eabi/12.3.1/../../../../arm-none-eabi/lib/thumb/v6-m/nofp\libc_nano.a(libc_a-findfp.o) (__sread)
C:/ST/STM32CubeIDE_1.17.0/STM32CubeIDE/plugins/com.st.stm32cube.ide.mcu.externaltools.gnu-tools-for-stm32.12.3.rel1.win32_1.1.0.202410251130/tools/bin/../lib/gcc/arm-none-eabi/12.3.1/../../../../arm-none-eabi/lib/thumb/v6-m/nofp\libc_nano.a(libc_a-memset.o)
                              C:/ST/STM32CubeIDE_1.17.0/STM32CubeIDE/plugins/com.st.stm32cube.ide.mcu.externaltools.gnu-tools-for-stm32.12.3.rel1.win32_1.1.0.202410251130/tools/bin/../lib/gcc/arm-none-eabi/12.3.1/../../../../arm-none-eabi/lib/thumb/v6-m/nofp/crt0.o (memset)
C:/ST/STM32CubeIDE_1.17.0/STM32CubeIDE/plugins/com.st.stm32cube.ide.mcu.externaltools.gnu-tools-for-stm32.12.3.rel1.win32_1.1.0.202410251130/tools/bin/../lib/gcc/arm-none-eabi/12.3.1/../../../../arm-none-eabi/lib/thumb/v6-m/nofp\libc_nano.a(libc_a-closer.o)
                              C:/ST/STM32CubeIDE_1.17.0/STM32CubeIDE/plugins/com.st.stm32cube.ide.mcu.externaltools.gnu-tools-for-stm32.12.3.rel1.win32_1.1.0.202410251130/tools/bin/../lib/gcc/arm-none-eabi/12.3.1/../../../../arm-none-eabi/lib/thumb/v6-m/nofp\libc_nano.a(libc_a-stdio.o) (_close_r)
C:/ST/STM32CubeIDE_1.17.0/STM32CubeIDE/plugins/com.st.stm32cube.ide.mcu.externaltools.gnu-tools-for-stm32.12.3.rel1.win32_1.1.0.202410251130/tools/bin/../lib/gcc/arm-none-eabi/12.3.1/../../../../arm-none-eabi/lib/thumb/v6-m/nofp\libc_nano.a(libc_a-reent.o)
                              C:/ST/STM32CubeIDE_1.17.0/STM32CubeIDE/plugins/com.st.stm32cube.ide.mcu.externaltools.gnu-tools-for-stm32.12.3.rel1.win32_1.1.0.202410251130/tools/bin/../lib/gcc/arm-none-eabi/12.3.1/../../../../arm-none-eabi/lib/thumb/v6-m/nofp\libc_nano.a(libc_a-closer.o) (errno)
C:/ST/STM32CubeIDE_1.17.0/STM32CubeIDE/plugins/com.st.stm32cube.ide.mcu.externaltools.gnu-tools-for-stm32.12.3.rel1.win32_1.1.0.202410251130/tools/bin/../lib/gcc/arm-none-eabi/12.3.1/../../../../arm-none-eabi/lib/thumb/v6-m/nofp\libc_nano.a(libc_a-impure.o)
                              C:/ST/STM32CubeIDE_1.17.0/STM32CubeIDE/plugins/com.st.stm32cube.ide.mcu.externaltools.gnu-tools-for-stm32.12.3.rel1.win32_1.1.0.202410251130/tools/bin/../lib/gcc/arm-none-eabi/12.3.1/../../../../arm-none-eabi/lib/thumb/v6-m/nofp\libc_nano.a(libc_a-rand.o) (_impure_ptr)
[...]
Memory Configuration

Name             Origin             Length             Attributes
RAM              0x20000000         0x00001800         xrw
FLASH            0x08000000         0x00008000         xr
*default*        0x00000000         0xffffffff

Linker script and memory map

LOAD C:/ST/STM32CubeIDE_1.17.0/STM32CubeIDE/plugins/com.st.stm32cube.ide.mcu.externaltools.gnu-tools-for-stm32.12.3.rel1.win32_1.1.0.202410251130/tools/bin/../lib/gcc/arm-none-eabi/12.3.1/thumb/v6-m/nofp/crti.o
LOAD C:/ST/STM32CubeIDE_1.17.0/STM32CubeIDE/plugins/com.st.stm32cube.ide.mcu.externaltools.gnu-tools-for-stm32.12.3.rel1.win32_1.1.0.202410251130/tools/bin/../lib/gcc/arm-none-eabi/12.3.1/thumb/v6-m/nofp/crtbegin.o
LOAD C:/ST/STM32CubeIDE_1.17.0/STM32CubeIDE/plugins/com.st.stm32cube.ide.mcu.externaltools.gnu-tools-for-stm32.12.3.rel1.win32_1.1.0.202410251130/tools/bin/../lib/gcc/arm-none-eabi/12.3.1/../../../../arm-none-eabi/lib/thumb/v6-m/nofp/crt0.o
LOAD ./Core/Src/effects.o
LOAD ./Core/Src/games.o
LOAD ./Core/Src/ledMatrix.o
LOAD ./Core/Src/main.o
LOAD ./Core/Src/saportAndData.o
LOAD ./Core/Src/stm32f0xx_hal_msp.o
LOAD ./Core/Src/stm32f0xx_it.o
LOAD ./Core/Src/syscalls.o
LOAD ./Core/Src/sysmem.o
LOAD ./Core/Src/system_stm32f0xx.o
LOAD ./Core/Src/work.o
LOAD ./Core/Startup/startup_stm32f070f6px.o
LOAD ./Drivers/STM32F0xx_HAL_Driver/Src/stm32f0xx_hal.o
LOAD ./Drivers/STM32F0xx_HAL_Driver/Src/stm32f0xx_hal_adc.o
LOAD ./Drivers/STM32F0xx_HAL_Driver/Src/stm32f0xx_hal_adc_ex.o
LOAD ./Drivers/STM32F0xx_HAL_Driver/Src/stm32f0xx_hal_cortex.o
LOAD ./Drivers/STM32F0xx_HAL_Driver/Src/stm32f0xx_hal_dma.o
LOAD ./Drivers/STM32F0xx_HAL_Driver/Src/stm32f0xx_hal_exti.o
LOAD ./Drivers/STM32F0xx_HAL_Driver/Src/stm32f0xx_hal_flash.o
LOAD ./Drivers/STM32F0xx_HAL_Driver/Src/stm32f0xx_hal_flash_ex.o
LOAD ./Drivers/STM32F0xx_HAL_Driver/Src/stm32f0xx_hal_gpio.o
LOAD ./Drivers/STM32F0xx_HAL_Driver/Src/stm32f0xx_hal_i2c.o
LOAD ./Drivers/STM32F0xx_HAL_Driver/Src/stm32f0xx_hal_i2c_ex.o
LOAD ./Drivers/STM32F0xx_HAL_Driver/Src/stm32f0xx_hal_pwr.o
LOAD ./Drivers/STM32F0xx_HAL_Driver/Src/stm32f0xx_hal_pwr_ex.o
LOAD ./Drivers/STM32F0xx_HAL_Driver/Src/stm32f0xx_hal_rcc.o
LOAD ./Drivers/STM32F0xx_HAL_Driver/Src/stm32f0xx_hal_rcc_ex.o
LOAD ./Drivers/STM32F0xx_HAL_Driver/Src/stm32f0xx_hal_tim.o
LOAD ./Drivers/STM32F0xx_HAL_Driver/Src/stm32f0xx_hal_tim_ex.o
START GROUP
LOAD C:/ST/STM32CubeIDE_1.17.0/STM32CubeIDE/plugins/com.st.stm32cube.ide.mcu.externaltools.gnu-tools-for-stm32.12.3.rel1.win32_1.1.0.202410251130/tools/bin/../lib/gcc/arm-none-eabi/12.3.1/../../../../arm-none-eabi/lib/thumb/v6-m/nofp\libc_nano.a
LOAD C:/ST/STM32CubeIDE_1.17.0/STM32CubeIDE/plugins/com.st.stm32cube.ide.mcu.externaltools.gnu-tools-for-stm32.12.3.rel1.win32_1.1.0.202410251130/tools/bin/../lib/gcc/arm-none-eabi/12.3.1/../../../../arm-none-eabi/lib/thumb/v6-m/nofp\libm.a
END GROUP
START GROUP
LOAD C:/ST/STM32CubeIDE_1.17.0/STM32CubeIDE/plugins/com.st.stm32cube.ide.mcu.externaltools.gnu-tools-for-stm32.12.3.rel1.win32_1.1.0.202410251130/tools/bin/../lib/gcc/arm-none-eabi/12.3.1/thumb/v6-m/nofp\libgcc.a
LOAD C:/ST/STM32CubeIDE_1.17.0/STM32CubeIDE/plugins/com.st.stm32cube.ide.mcu.externaltools.gnu-tools-for-stm32.12.3.rel1.win32_1.1.0.202410251130/tools/bin/../lib/gcc/arm-none-eabi/12.3.1/../../../../arm-none-eabi/lib/thumb/v6-m/nofp\libc_nano.a
END GROUP
START GROUP
LOAD C:/ST/STM32CubeIDE_1.17.0/STM32CubeIDE/plugins/com.st.stm32cube.ide.mcu.externaltools.gnu-tools-for-stm32.12.3.rel1.win32_1.1.0.202410251130/tools/bin/../lib/gcc/arm-none-eabi/12.3.1/thumb/v6-m/nofp\libgcc.a
LOAD C:/ST/STM32CubeIDE_1.17.0/STM32CubeIDE/plugins/com.st.stm32cube.ide.mcu.externaltools.gnu-tools-for-stm32.12.3.rel1.win32_1.1.0.202410251130/tools/bin/../lib/gcc/arm-none-eabi/12.3.1/../../../../arm-none-eabi/lib/thumb/v6-m/nofp\libc_nano.a
LOAD C:/ST/STM32CubeIDE_1.17.0/STM32CubeIDE/plugins/com.st.stm32cube.ide.mcu.externaltools.gnu-tools-for-stm32.12.3.rel1.win32_1.1.0.202410251130/tools/bin/../lib/gcc/arm-none-eabi/12.3.1/../../../../arm-none-eabi/lib/thumb/v6-m/nofp\libnosys.a
END GROUP
START GROUP
LOAD C:/ST/STM32CubeIDE_1.17.0/STM32CubeIDE/plugins/com.st.stm32cube.ide.mcu.externaltools.gnu-tools-for-stm32.12.3.rel1.win32_1.1.0.202410251130/tools/bin/../lib/gcc/arm-none-eabi/12.3.1/thumb/v6-m/nofp\libgcc.a
LOAD C:/ST/STM32CubeIDE_1.17.0/STM32CubeIDE/plugins/com.st.stm32cube.ide.mcu.externaltools.gnu-tools-for-stm32.12.3.rel1.win32_1.1.0.202410251130/tools/bin/../lib/gcc/arm-none-eabi/12.3.1/../../../../arm-none-eabi/lib/thumb/v6-m/nofp\libc_nano.a
LOAD C:/ST/STM32CubeIDE_1.17.0/STM32CubeIDE/plugins/com.st.stm32cube.ide.mcu.externaltools.gnu-tools-for-stm32.12.3.rel1.win32_1.1.0.202410251130/tools/bin/../lib/gcc/arm-none-eabi/12.3.1/../../../../arm-none-eabi/lib/thumb/v6-m/nofp\libnosys.a
END GROUP
LOAD C:/ST/STM32CubeIDE_1.17.0/STM32CubeIDE/plugins/com.st.stm32cube.ide.mcu.externaltools.gnu-tools-for-stm32.12.3.rel1.win32_1.1.0.202410251130/tools/bin/../lib/gcc/arm-none-eabi/12.3.1/thumb/v6-m/nofp/crtend.o
LOAD C:/ST/STM32CubeIDE_1.17.0/STM32CubeIDE/plugins/com.st.stm32cube.ide.mcu.externaltools.gnu-tools-for-stm32.12.3.rel1.win32_1.1.0.202410251130/tools/bin/../lib/gcc/arm-none-eabi/12.3.1/thumb/v6-m/nofp/crtn.o
                0x20001800                        _estack = (ORIGIN (RAM) + LENGTH (RAM))
                0x00000200                        _Min_Heap_Size = 0x200
                0x00000400                        _Min_Stack_Size = 0x400

.isr_vector     0x08000000       0xc0
                0x08000000                        . = ALIGN (0x4)
 *(.isr_vector)
 .isr_vector    0x08000000       0xc0 ./Core/Startup/startup_stm32f070f6px.o
                0x08000000                g_pfnVectors
                0x080000c0                        . = ALIGN (0x4)

.text           0x080000c0     0x5238
                0x080000c0                        . = ALIGN (0x4)
 *(.text)
 .text          0x080000c0       0x48 C:/ST/STM32CubeIDE_1.17.0/STM32CubeIDE/plugins/com.st.stm32cube.ide.mcu.externaltools.gnu-tools-for-stm32.12.3.rel1.win32_1.1.0.202410251130/tools/bin/../lib/gcc/arm-none-eabi/12.3.1/thumb/v6-m/nofp/crtbegin.o
 .text          0x08000108       0x14 C:/ST/STM32CubeIDE_1.17.0/STM32CubeIDE/plugins/com.st.stm32cube.ide.mcu.externaltools.gnu-tools-for-stm32.12.3.rel1.win32_1.1.0.202410251130/tools/bin/../lib/gcc/arm-none-eabi/12.3.1/thumb/v6-m/nofp\libgcc.a(_thumb1_case_shi.o)
                0x08000108                __gnu_thumb1_case_shi
 .text          0x0800011c      0x114 C:/ST/STM32CubeIDE_1.17.0/STM32CubeIDE/plugins/com.st.stm32cube.ide.mcu.externaltools.gnu-tools-for-stm32.12.3.rel1.win32_1.1.0.202410251130/tools/bin/../lib/gcc/arm-none-eabi/12.3.1/thumb/v6-m/nofp\libgcc.a(_udivsi3.o)
                0x0800011c                __aeabi_uidiv
                0x0800011c                __udivsi3
                0x08000228                __aeabi_uidivmod
 .text          0x08000230      0x1d4 C:/ST/STM32CubeIDE_1.17.0/STM32CubeIDE/plugins/com.st.stm32cube.ide.mcu.externaltools.gnu-tools-for-stm32.12.3.rel1.win32_1.1.0.202410251130/tools/bin/../lib/gcc/arm-none-eabi/12.3.1/thumb/v6-m/nofp\libgcc.a(_divsi3.o)
                0x08000230                __divsi3
                0x08000230                __aeabi_idiv
                0x080003fc                __aeabi_idivmod
 .text          0x08000404        0x4 C:/ST/STM32CubeIDE_1.17.0/STM32CubeIDE/plugins/com.st.stm32cube.ide.mcu.externaltools.gnu-tools-for-stm32.12.3.rel1.win32_1.1.0.202410251130/tools/bin/../lib/gcc/arm-none-eabi/12.3.1/thumb/v6-m/nofp\libgcc.a(_dvmd_tls.o)
                0x08000404                __aeabi_idiv0
                0x08000404                __aeabi_ldiv0
 .text          0x08000408       0x5c C:/ST/STM32CubeIDE_1.17.0/STM32CubeIDE/plugins/com.st.stm32cube.ide.mcu.externaltools.gnu-tools-for-stm32.12.3.rel1.win32_1.1.0.202410251130/tools/bin/../lib/gcc/arm-none-eabi/12.3.1/thumb/v6-m/nofp\libgcc.a(_muldi3.o)
                0x08000408                __muldi3
                0x08000408                __aeabi_lmul
 *(.text*)
 .text.DrawSmiley
                0x08000464       0x9a ./Core/Src/effects.o
                0x08000464                DrawSmiley
 .text.DrawHeart
                0x080004fe      0x128 ./Core/Src/effects.o
                0x080004fe                DrawHeart
 *fill*         0x08000626        0x2 
 .text.Heart_Tick
                0x08000628       0x3c ./Core/Src/effects.o
                0x08000628                Heart_Tick
 .text.ModeTransition
                0x08000664       0x3c ./Core/Src/effects.o
                0x08000664                ModeTransition
 .text.ShutdownAnim
                0x080006a0      0x172 ./Core/Src/effects.o
                0x080006a0                ShutdownAnim
 *fill*         0x08000812        0x2 
 .text.Fire_Tick
                0x08000814      0x150 ./Core/Src/effects.o
                0x08000814                Fire_Tick
 .text.Matrix_Init
                0x08000964       0x34 ./Core/Src/effects.o
                0x08000964                Matrix_Init
 .text.Matrix_Tick
                0x08000998       0xd0 ./Core/Src/effects.o
                0x08000998                Matrix_Tick
 .text.Stars_Init
                0x08000a68       0x30 ./Core/Src/effects.o
                0x08000a68                Stars_Init
 .text.Stars_Tick
                0x08000a98      0x11c ./Core/Src/effects.o
                0x08000a98                Stars_Tick
 .text.ColorWheel
                0x08000bb4       0x66 ./Core/Src/effects.o
                0x08000bb4                ColorWheel
 *fill*         0x08000c1a        0x2 
 .text.Rainbow_Tick
                0x08000c1c       0x74 ./Core/Src/effects.o
                0x08000c1c                Rainbow_Tick
 .text.ChangeBallColor
                0x08000c90       0xac ./Core/Src/effects.o
                0x08000c90                ChangeBallColor
 .text.DrawSmoothBall
                0x08000d3c      0x1e0 ./Core/Src/effects.o
                0x08000d3c                DrawSmoothBall
 .text.Balls_Init
                0x08000f1c       0x4c ./Core/Src/effects.o
                0x08000f1c                Balls_Init
 .text.Balls_Tick
                0x08000f68      0x2e0 ./Core/Src/effects.o
                0x08000f68                Balls_Tick
 .text.Rain_Init
                0x08001248       0x34 ./Core/Src/effects.o
                0x08001248                Rain_Init
 .text.Rain_Tick
                0x0800127c      0x280 ./Core/Src/effects.o
                0x0800127c                Rain_Tick
 .text.DrawGame
                0x080014fc       0xdc ./Core/Src/games.o
                0x080014fc                DrawGame
 .text.CheckCollision
                0x080015d8       0x7c ./Core/Src/games.o
                0x080015d8                CheckCollision
 .text.ChooseBestMove
                0x08001654      0x210 ./Core/Src/games.o
 .text.LockPiece
                0x08001864       0x78 ./Core/Src/games.o
                0x08001864                LockPiece
 .text.ClearLines
                0x080018dc       0x78 ./Core/Src/games.o
                0x080018dc                ClearLines
 .text.GameOverAnim
                0x08001954       0x6c ./Core/Src/games.o
                0x08001954                GameOverAnim
 .text.SpawnPiece
                0x080019c0       0x68 ./Core/Src/games.o
                0x080019c0                SpawnPiece
 .text.BotMove  0x08001a28       0xac ./Core/Src/games.o
                0x08001a28                BotMove
 .text.GameTick
                0x08001ad4       0x70 ./Core/Src/games.o
                0x08001ad4                GameTick
 .text.Snake_SpawnFood
                0x08001b44       0x60 ./Core/Src/games.o
                0x08001b44                Snake_SpawnFood
 .text.Snake_Init
                0x08001ba4       0x30 ./Core/Src/games.o
                0x08001ba4                Snake_Init
 .text.Snake_IsSafe
                0x08001bd4       0x50 ./Core/Src/games.o
                0x08001bd4                Snake_IsSafe
 .text.Snake_BotLogic
                0x08001c24      0x110 ./Core/Src/games.o
                0x08001c24                Snake_BotLogic
 .text.Snake_GameOverAnim
                0x08001d34       0x50 ./Core/Src/games.o
                0x08001d34                Snake_GameOverAnim
 .text.Snake_Tick
                0x08001d84       0xd8 ./Core/Src/games.o
                0x08001d84                Snake_Tick
 .text.Tetris_Init
                0x08001e5c       0x30 ./Core/Src/games.o
                0x08001e5c                Tetris_Init
 .text.HAL_TIM_PWM_PulseFinishedCallback
                0x08001e8c       0x20 ./Core/Src/ledMatrix.o
                0x08001e8c                HAL_TIM_PWM_PulseFinishedCallback
 .text.GetLEDIndex
                0x08001eac       0x1c ./Core/Src/ledMatrix.o
                0x08001eac                GetLEDIndex
 .text.SetPixel
                0x08001ec8       0x60 ./Core/Src/ledMatrix.o
                0x08001ec8                SetPixel
 .text.UpdateMatrix
                0x08001f28       0x38 ./Core/Src/ledMatrix.o
                0x08001f28                UpdateMatrix
 .text.ClearScreen
                0x08001f60       0x2e ./Core/Src/ledMatrix.o
                0x08001f60                ClearScreen
 *fill*         0x08001f8e        0x2 
 .text.MX_GPIO_Init
                0x08001f90       0x70 ./Core/Src/main.o
 .text.MX_DMA_Init
                0x08002000       0x30 ./Core/Src/main.o
 .text.Error_Handler
                0x08002030        0x4 ./Core/Src/main.o
                0x08002030                Error_Handler
 .text.MX_ADC_Init
                0x08002034       0x74 ./Core/Src/main.o
 .text.MX_TIM1_Init
                0x080020a8       0xe4 ./Core/Src/main.o
 .text.SystemClock_Config
                0x0800218c       0x66 ./Core/Src/main.o
                0x0800218c                SystemClock_Config
 .text.main     0x080021f2       0x24 ./Core/Src/main.o
                0x080021f2                main
 *fill*         0x08002216        0x2 
 .text.HAL_MspInit
                0x08002218       0x30 ./Core/Src/stm32f0xx_hal_msp.o
                0x08002218                HAL_MspInit
 .text.HAL_ADC_MspInit
                0x08002248       0x60 ./Core/Src/stm32f0xx_hal_msp.o
                0x08002248                HAL_ADC_MspInit
 .text.HAL_TIM_Base_MspInit
                0x080022a8       0x6c ./Core/Src/stm32f0xx_hal_msp.o
                0x080022a8                HAL_TIM_Base_MspInit
 .text.HAL_TIM_MspPostInit
                0x08002314       0x54 ./Core/Src/stm32f0xx_hal_msp.o
                0x08002314                HAL_TIM_MspPostInit
 .text.NMI_Handler
                0x08002368        0x2 ./Core/Src/stm32f0xx_it.o
                0x08002368                NMI_Handler
 .text.HardFault_Handler
                0x0800236a        0x2 ./Core/Src/stm32f0xx_it.o
                0x0800236a                HardFault_Handler
 .text.SVC_Handler
                0x0800236c        0x2 ./Core/Src/stm32f0xx_it.o
                0x0800236c                SVC_Handler
 .text.PendSV_Handler
                0x0800236e        0x2 ./Core/Src/stm32f0xx_it.o
                0x0800236e                PendSV_Handler
 .text.SysTick_Handler
                0x08002370        0x8 ./Core/Src/stm32f0xx_it.o
                0x08002370                SysTick_Handler
 .text.DMA1_Channel2_3_IRQHandler
                0x08002378       0x10 ./Core/Src/stm32f0xx_it.o
                0x08002378                DMA1_Channel2_3_IRQHandler
 .text._getpid  0x08002388        0x4 ./Core/Src/syscalls.o
                0x08002388                _getpid
 .text._kill    0x0800238c       0x10 ./Core/Src/syscalls.o
                0x0800238c                _kill
 .text._exit    0x0800239c        0xc ./Core/Src/syscalls.o
                0x0800239c                _exit
 .text._read    0x080023a8       0x1c ./Core/Src/syscalls.o
                0x080023a8                _read
 .text._write   0x080023c4       0x1c ./Core/Src/syscalls.o
                0x080023c4                _write
 .text._close   0x080023e0        0x6 ./Core/Src/syscalls.o
                0x080023e0                _close
 .text._fstat   0x080023e6        0xa ./Core/Src/syscalls.o
                0x080023e6                _fstat
 .text._isatty  0x080023f0        0x4 ./Core/Src/syscalls.o
                0x080023f0                _isatty
 .text._lseek   0x080023f4        0x4 ./Core/Src/syscalls.o
                0x080023f4                _lseek
 .text._sbrk    0x080023f8       0x48 ./Core/Src/sysmem.o
                0x080023f8                _sbrk
 .text.SystemInit
                0x08002440        0x2 ./Core/Src/system_stm32f0xx.o
                0x08002440                SystemInit
 *fill*         0x08002442        0x2 
 .text.doWork   0x08002444       0x70 ./Core/Src/work.o
                0x08002444                doWork
 .text.Work     0x080024b4      0x2c8 ./Core/Src/work.o
                0x080024b4                Work
 .text.Reset_Handler
                0x0800277c       0x80 ./Core/Startup/startup_stm32f070f6px.o
                0x0800277c                Reset_Handler
 .text.Default_Handler
                0x080027fc        0x2 ./Core/Startup/startup_stm32f070f6px.o
                0x080027fc                TIM1_CC_IRQHandler
                0x080027fc                I2C1_IRQHandler
                0x080027fc                SPI1_IRQHandler
                0x080027fc                EXTI2_3_IRQHandler
                0x080027fc                ADC1_IRQHandler
                0x080027fc                TIM17_IRQHandler
                0x080027fc                RTC_IRQHandler
                0x080027fc                TIM16_IRQHandler
                0x080027fc                TIM3_IRQHandler
                0x080027fc                EXTI4_15_IRQHandler
                0x080027fc                RCC_IRQHandler
                0x080027fc                DMA1_Channel1_IRQHandler
                0x080027fc                Default_Handler
                0x080027fc                TIM14_IRQHandler
                0x080027fc                DMA1_Channel4_5_IRQHandler
                0x080027fc                EXTI0_1_IRQHandler
                0x080027fc                USB_IRQHandler
                0x080027fc                WWDG_IRQHandler
                0x080027fc                USART2_IRQHandler
                0x080027fc                FLASH_IRQHandler
                0x080027fc                USART1_IRQHandler
                0x080027fc                TIM1_BRK_UP_TRG_COM_IRQHandler
 *fill*         0x080027fe        0x2 
 .text.HAL_InitTick
                0x08002800       0x50 ./Drivers/STM32F0xx_HAL_Driver/Src/stm32f0xx_hal.o
                0x08002800                HAL_InitTick
 .text.HAL_Init
                0x08002850       0x20 ./Drivers/STM32F0xx_HAL_Driver/Src/stm32f0xx_hal.o
                0x08002850                HAL_Init
 .text.HAL_IncTick
                0x08002870       0x18 ./Drivers/STM32F0xx_HAL_Driver/Src/stm32f0xx_hal.o
                0x08002870                HAL_IncTick
 .text.HAL_GetTick
                0x08002888        0xc ./Drivers/STM32F0xx_HAL_Driver/Src/stm32f0xx_hal.o
                0x08002888                HAL_GetTick
 .text.HAL_Delay
                0x08002894       0x24 ./Drivers/STM32F0xx_HAL_Driver/Src/stm32f0xx_hal.o
                0x08002894                HAL_Delay
 .text.ADC_Enable
                0x080028b8       0xb0 ./Drivers/STM32F0xx_HAL_Driver/Src/stm32f0xx_hal_adc.o
 .text.HAL_ADC_Init
                0x08002968      0x184 ./Drivers/STM32F0xx_HAL_Driver/Src/stm32f0xx_hal_adc.o
                0x08002968                HAL_ADC_Init
 .text.HAL_ADC_Start
                0x08002aec       0x60 ./Drivers/STM32F0xx_HAL_Driver/Src/stm32f0xx_hal_adc.o
                0x08002aec                HAL_ADC_Start
 .text.HAL_ADC_PollForConversion
                0x08002b4c       0xc8 ./Drivers/STM32F0xx_HAL_Driver/Src/stm32f0xx_hal_adc.o
                0x08002b4c                HAL_ADC_PollForConversion
 .text.HAL_ADC_GetValue
                0x08002c14        0x6 ./Drivers/STM32F0xx_HAL_Driver/Src/stm32f0xx_hal_adc.o
                0x08002c14                HAL_ADC_GetValue
 *fill*         0x08002c1a        0x2 
 .text.HAL_ADC_ConfigChannel
                0x08002c1c      0x120 ./Drivers/STM32F0xx_HAL_Driver/Src/stm32f0xx_hal_adc.o
                0x08002c1c                HAL_ADC_ConfigChannel
 .text.__NVIC_SetPriority
                0x08002d3c       0x60 ./Drivers/STM32F0xx_HAL_Driver/Src/stm32f0xx_hal_cortex.o
 .text.SysTick_Config
                0x08002d9c       0x38 ./Drivers/STM32F0xx_HAL_Driver/Src/stm32f0xx_hal_cortex.o
 .text.HAL_NVIC_SetPriority
                0x08002dd4        0x8 ./Drivers/STM32F0xx_HAL_Driver/Src/stm32f0xx_hal_cortex.o
                0x08002dd4                HAL_NVIC_SetPriority
 .text.HAL_NVIC_EnableIRQ
                0x08002ddc       0x18 ./Drivers/STM32F0xx_HAL_Driver/Src/stm32f0xx_hal_cortex.o
                0x08002ddc                HAL_NVIC_EnableIRQ
 .text.HAL_SYSTICK_Config
                0x08002df4        0x8 ./Drivers/STM32F0xx_HAL_Driver/Src/stm32f0xx_hal_cortex.o
                0x08002df4                HAL_SYSTICK_Config
 .text.DMA_SetConfig
                0x08002dfc       0x2a ./Drivers/STM32F0xx_HAL_Driver/Src/stm32f0xx_hal_dma.o
 *fill*         0x08002e26        0x2 
 .text.DMA_CalcBaseAndBitshift
                0x08002e28       0x24 ./Drivers/STM32F0xx_HAL_Driver/Src/stm32f0xx_hal_dma.o
 .text.HAL_DMA_Init
                0x08002e4c       0x50 ./Drivers/STM32F0xx_HAL_Driver/Src/stm32f0xx_hal_dma.o
                0x08002e4c                HAL_DMA_Init
 .text.HAL_DMA_Start_IT
                0x08002e9c       0x76 ./Drivers/STM32F0xx_HAL_Driver/Src/stm32f0xx_hal_dma.o
                0x08002e9c                HAL_DMA_Start_IT
 .text.HAL_DMA_Abort_IT
                0x08002f12       0x4a ./Drivers/STM32F0xx_HAL_Driver/Src/stm32f0xx_hal_dma.o
                0x08002f12                HAL_DMA_Abort_IT
 .text.HAL_DMA_IRQHandler
                0x08002f5c       0xaa ./Drivers/STM32F0xx_HAL_Driver/Src/stm32f0xx_hal_dma.o
                0x08002f5c                HAL_DMA_IRQHandler
 *fill*         0x08003006        0x2 
 .text.HAL_GPIO_Init
                0x08003008      0x188 ./Drivers/STM32F0xx_HAL_Driver/Src/stm32f0xx_hal_gpio.o
                0x08003008                HAL_GPIO_Init
 .text.HAL_GPIO_ReadPin
                0x08003190        0xe ./Drivers/STM32F0xx_HAL_Driver/Src/stm32f0xx_hal_gpio.o
                0x08003190                HAL_GPIO_ReadPin
 .text.HAL_GPIO_WritePin
                0x0800319e        0xc ./Drivers/STM32F0xx_HAL_Driver/Src/stm32f0xx_hal_gpio.o
                0x0800319e                HAL_GPIO_WritePin
 *fill*         0x080031aa        0x2 
 .text.HAL_RCC_OscConfig
                0x080031ac      0x4b0 ./Drivers/STM32F0xx_HAL_Driver/Src/stm32f0xx_hal_rcc.o
                0x080031ac                HAL_RCC_OscConfig
 .text.HAL_RCC_GetSysClockFreq
                0x0800365c       0x58 ./Drivers/STM32F0xx_HAL_Driver/Src/stm32f0xx_hal_rcc.o
                0x0800365c                HAL_RCC_GetSysClockFreq
 .text.HAL_RCC_ClockConfig
                0x080036b4      0x134 ./Drivers/STM32F0xx_HAL_Driver/Src/stm32f0xx_hal_rcc.o
                0x080036b4                HAL_RCC_ClockConfig
 .text.TIM_OC1_SetConfig
                0x080037e8       0x7c ./Drivers/STM32F0xx_HAL_Driver/Src/stm32f0xx_hal_tim.o
 .text.TIM_OC3_SetConfig
                0x08003864       0x80 ./Drivers/STM32F0xx_HAL_Driver/Src/stm32f0xx_hal_tim.o
 .text.TIM_OC4_SetConfig
                0x080038e4       0x68 ./Drivers/STM32F0xx_HAL_Driver/Src/stm32f0xx_hal_tim.o
 .text.TIM_TI1_ConfigInputStage
                0x0800394c       0x22 ./Drivers/STM32F0xx_HAL_Driver/Src/stm32f0xx_hal_tim.o
 *fill*         0x0800396e        0x2 
 .text.TIM_TI2_ConfigInputStage
                0x08003970       0x28 ./Drivers/STM32F0xx_HAL_Driver/Src/stm32f0xx_hal_tim.o
 .text.TIM_ITRx_SetConfig
                0x08003998       0x10 ./Drivers/STM32F0xx_HAL_Driver/Src/stm32f0xx_hal_tim.o
 .text.HAL_TIM_PWM_MspInit
                0x080039a8        0x2 ./Drivers/STM32F0xx_HAL_Driver/Src/stm32f0xx_hal_tim.o
                0x080039a8                HAL_TIM_PWM_MspInit
 .text.TIM_DMADelayPulseCplt
                0x080039aa       0x70 ./Drivers/STM32F0xx_HAL_Driver/Src/stm32f0xx_hal_tim.o
 .text.HAL_TIM_PWM_PulseFinishedHalfCpltCallback
                0x08003a1a        0x2 ./Drivers/STM32F0xx_HAL_Driver/Src/stm32f0xx_hal_tim.o
                0x08003a1a                HAL_TIM_PWM_PulseFinishedHalfCpltCallback
 .text.TIM_DMADelayPulseHalfCplt
                0x08003a1c       0x3e ./Drivers/STM32F0xx_HAL_Driver/Src/stm32f0xx_hal_tim.o
                0x08003a1c                TIM_DMADelayPulseHalfCplt
 .text.HAL_TIM_ErrorCallback
                0x08003a5a        0x2 ./Drivers/STM32F0xx_HAL_Driver/Src/stm32f0xx_hal_tim.o
                0x08003a5a                HAL_TIM_ErrorCallback
 .text.TIM_DMAError
                0x08003a5c       0x5c ./Drivers/STM32F0xx_HAL_Driver/Src/stm32f0xx_hal_tim.o
                0x08003a5c                TIM_DMAError
 .text.TIM_Base_SetConfig
                0x08003ab8       0x90 ./Drivers/STM32F0xx_HAL_Driver/Src/stm32f0xx_hal_tim.o
                0x08003ab8                TIM_Base_SetConfig
 .text.HAL_TIM_Base_Init
                0x08003b48       0x58 ./Drivers/STM32F0xx_HAL_Driver/Src/stm32f0xx_hal_tim.o
                0x08003b48                HAL_TIM_Base_Init
 .text.HAL_TIM_PWM_Init
                0x08003ba0       0x58 ./Drivers/STM32F0xx_HAL_Driver/Src/stm32f0xx_hal_tim.o
                0x08003ba0                HAL_TIM_PWM_Init
 .text.TIM_OC2_SetConfig
                0x08003bf8       0x78 ./Drivers/STM32F0xx_HAL_Driver/Src/stm32f0xx_hal_tim.o
                0x08003bf8                TIM_OC2_SetConfig
 .text.HAL_TIM_PWM_ConfigChannel
                0x08003c70       0xf0 ./Drivers/STM32F0xx_HAL_Driver/Src/stm32f0xx_hal_tim.o
                0x08003c70                HAL_TIM_PWM_ConfigChannel
 .text.TIM_ETR_SetConfig
                0x08003d60       0x18 ./Drivers/STM32F0xx_HAL_Driver/Src/stm32f0xx_hal_tim.o
                0x08003d60                TIM_ETR_SetConfig
 .text.HAL_TIM_ConfigClockSource
                0x08003d78      0x108 ./Drivers/STM32F0xx_HAL_Driver/Src/stm32f0xx_hal_tim.o
                0x08003d78                HAL_TIM_ConfigClockSource
 .text.TIM_CCxChannelCmd
                0x08003e80       0x1a ./Drivers/STM32F0xx_HAL_Driver/Src/stm32f0xx_hal_tim.o
                0x08003e80                TIM_CCxChannelCmd
 *fill*         0x08003e9a        0x2 
 .text.HAL_TIM_PWM_Start_DMA
                0x08003e9c      0x238 ./Drivers/STM32F0xx_HAL_Driver/Src/stm32f0xx_hal_tim.o
                0x08003e9c                HAL_TIM_PWM_Start_DMA
 .text.HAL_TIM_PWM_Stop_DMA
                0x080040d4      0x114 ./Drivers/STM32F0xx_HAL_Driver/Src/stm32f0xx_hal_tim.o
                0x080040d4                HAL_TIM_PWM_Stop_DMA
 .text.HAL_TIMEx_MasterConfigSynchronization
                0x080041e8       0x5c ./Drivers/STM32F0xx_HAL_Driver/Src/stm32f0xx_hal_tim_ex.o
                0x080041e8                HAL_TIMEx_MasterConfigSynchronization
 .text.HAL_TIMEx_ConfigBreakDeadTime
                0x08004244       0x6c ./Drivers/STM32F0xx_HAL_Driver/Src/stm32f0xx_hal_tim_ex.o
                0x08004244                HAL_TIMEx_ConfigBreakDeadTime
 .text.rand     0x080042b0       0x7c C:/ST/STM32CubeIDE_1.17.0/STM32CubeIDE/plugins/com.st.stm32cube.ide.mcu.externaltools.gnu-tools-for-stm32.12.3.rel1.win32_1.1.0.202410251130/tools/bin/../lib/gcc/arm-none-eabi/12.3.1/../../../../arm-none-eabi/lib/thumb/v6-m/nofp\libc_nano.a(libc_a-rand.o)
                0x080042b0                rand
 .text.std      0x0800432c       0x6c C:/ST/STM32CubeIDE_1.17.0/STM32CubeIDE/plugins/com.st.stm32cube.ide.mcu.externaltools.gnu-tools-for-stm32.12.3.rel1.win32_1.1.0.202410251130/tools/bin/../lib/gcc/arm-none-eabi/12.3.1/../../../../arm-none-eabi/lib/thumb/v6-m/nofp\libc_nano.a(libc_a-findfp.o)
 .text.stdio_exit_handler
                0x08004398       0x1c C:/ST/STM32CubeIDE_1.17.0/STM32CubeIDE/plugins/com.st.stm32cube.ide.mcu.externaltools.gnu-tools-for-stm32.12.3.rel1.win32_1.1.0.202410251130/tools/bin/../lib/gcc/arm-none-eabi/12.3.1/../../../../arm-none-eabi/lib/thumb/v6-m/nofp\libc_nano.a(libc_a-findfp.o)
 .text.cleanup_stdio
                0x080043b4       0x3c C:/ST/STM32CubeIDE_1.17.0/STM32CubeIDE/plugins/com.st.stm32cube.ide.mcu.externaltools.gnu-tools-for-stm32.12.3.rel1.win32_1.1.0.202410251130/tools/bin/../lib/gcc/arm-none-eabi/12.3.1/../../../../arm-none-eabi/lib/thumb/v6-m/nofp\libc_nano.a(libc_a-findfp.o)
 .text.global_stdio_init.part.0
                0x080043f0       0x3c C:/ST/STM32CubeIDE_1.17.0/STM32CubeIDE/plugins/com.st.stm32cube.ide.mcu.externaltools.gnu-tools-for-stm32.12.3.rel1.win32_1.1.0.202410251130/tools/bin/../lib/gcc/arm-none-eabi/12.3.1/../../../../arm-none-eabi/lib/thumb/v6-m/nofp\libc_nano.a(libc_a-findfp.o)
 .text.__sfp_lock_acquire
                0x0800442c       0x10 C:/ST/STM32CubeIDE_1.17.0/STM32CubeIDE/plugins/com.st.stm32cube.ide.mcu.externaltools.gnu-tools-for-stm32.12.3.rel1.win32_1.1.0.202410251130/tools/bin/../lib/gcc/arm-none-eabi/12.3.1/../../../../arm-none-eabi/lib/thumb/v6-m/nofp\libc_nano.a(libc_a-findfp.o)
                0x0800442c                __sfp_lock_acquire
 .text.__sfp_lock_release
                0x0800443c       0x10 C:/ST/STM32CubeIDE_1.17.0/STM32CubeIDE/plugins/com.st.stm32cube.ide.mcu.externaltools.gnu-tools-for-stm32.12.3.rel1.win32_1.1.0.202410251130/tools/bin/../lib/gcc/arm-none-eabi/12.3.1/../../../../arm-none-eabi/lib/thumb/v6-m/nofp\libc_nano.a(libc_a-findfp.o)
                0x0800443c                __sfp_lock_release
 .text.__sinit  0x0800444c       0x30 C:/ST/STM32CubeIDE_1.17.0/STM32CubeIDE/plugins/com.st.stm32cube.ide.mcu.externaltools.gnu-tools-for-stm32.12.3.rel1.win32_1.1.0.202410251130/tools/bin/../lib/gcc/arm-none-eabi/12.3.1/../../../../arm-none-eabi/lib/thumb/v6-m/nofp\libc_nano.a(libc_a-findfp.o)
                0x0800444c                __sinit
 .text._fwalk_sglue
                0x0800447c       0x38 C:/ST/STM32CubeIDE_1.17.0/STM32CubeIDE/plugins/com.st.stm32cube.ide.mcu.externaltools.gnu-tools-for-stm32.12.3.rel1.win32_1.1.0.202410251130/tools/bin/../lib/gcc/arm-none-eabi/12.3.1/../../../../arm-none-eabi/lib/thumb/v6-m/nofp\libc_nano.a(libc_a-fwalk.o)
                0x0800447c                _fwalk_sglue
 .text.__sread  0x080044b4       0x28 C:/ST/STM32CubeIDE_1.17.0/STM32CubeIDE/plugins/com.st.stm32cube.ide.mcu.externaltools.gnu-tools-for-stm32.12.3.rel1.win32_1.1.0.202410251130/tools/bin/../lib/gcc/arm-none-eabi/12.3.1/../../../../arm-none-eabi/lib/thumb/v6-m/nofp\libc_nano.a(libc_a-stdio.o)
                0x080044b4                __sread
 .text.__swrite
                0x080044dc       0x38 C:/ST/STM32CubeIDE_1.17.0/STM32CubeIDE/plugins/com.st.stm32cube.ide.mcu.externaltools.gnu-tools-for-stm32.12.3.rel1.win32_1.1.0.202410251130/tools/bin/../lib/gcc/arm-none-eabi/12.3.1/../../../../arm-none-eabi/lib/thumb/v6-m/nofp\libc_nano.a(libc_a-stdio.o)
                0x080044dc                __swrite
 .text.__sseek  0x08004514       0x2c C:/ST/STM32CubeIDE_1.17.0/STM32CubeIDE/plugins/com.st.stm32cube.ide.mcu.externaltools.gnu-tools-for-stm32.12.3.rel1.win32_1.1.0.202410251130/tools/bin/../lib/gcc/arm-none-eabi/12.3.1/../../../../arm-none-eabi/lib/thumb/v6-m/nofp\libc_nano.a(libc_a-stdio.o)
                0x08004514                __sseek
 .text.__sclose
                0x08004540        0xc C:/ST/STM32CubeIDE_1.17.0/STM32CubeIDE/plugins/com.st.stm32cube.ide.mcu.externaltools.gnu-tools-for-stm32.12.3.rel1.win32_1.1.0.202410251130/tools/bin/../lib/gcc/arm-none-eabi/12.3.1/../../../../arm-none-eabi/lib/thumb/v6-m/nofp\libc_nano.a(libc_a-stdio.o)
                0x08004540                __sclose
 .text.memset   0x0800454c       0x10 C:/ST/STM32CubeIDE_1.17.0/STM32CubeIDE/plugins/com.st.stm32cube.ide.mcu.externaltools.gnu-tools-for-stm32.12.3.rel1.win32_1.1.0.202410251130/tools/bin/../lib/gcc/arm-none-eabi/12.3.1/../../../../arm-none-eabi/lib/thumb/v6-m/nofp\libc_nano.a(libc_a-memset.o)
                0x0800454c                memset
 .text._close_r
                0x0800455c       0x24 C:/ST/STM32CubeIDE_1.17.0/STM32CubeIDE/plugins/com.st.stm32cube.ide.mcu.externaltools.gnu-tools-for-stm32.12.3.rel1.win32_1.1.0.202410251130/tools/bin/../lib/gcc/arm-none-eabi/12.3.1/../../../../arm-none-eabi/lib/thumb/v6-m/nofp\libc_nano.a(libc_a-closer.o)
                0x0800455c                _close_r
 .text._lseek_r
                0x08004580       0x28 C:/ST/STM32CubeIDE_1.17.0/STM32CubeIDE/plugins/com.st.stm32cube.ide.mcu.externaltools.gnu-tools-for-stm32.12.3.rel1.win32_1.1.0.202410251130/tools/bin/../lib/gcc/arm-none-eabi/12.3.1/../../../../arm-none-eabi/lib/thumb/v6-m/nofp\libc_nano.a(libc_a-lseekr.o)
                0x08004580                _lseek_r
 .text._read_r  0x080045a8       0x28 C:/ST/STM32CubeIDE_1.17.0/STM32CubeIDE/plugins/com.st.stm32cube.ide.mcu.externaltools.gnu-tools-for-stm32.12.3.rel1.win32_1.1.0.202410251130/tools/bin/../lib/gcc/arm-none-eabi/12.3.1/../../../../arm-none-eabi/lib/thumb/v6-m/nofp\libc_nano.a(libc_a-readr.o)
                0x080045a8                _read_r
 .text._write_r
                0x080045d0       0x28 C:/ST/STM32CubeIDE_1.17.0/STM32CubeIDE/plugins/com.st.stm32cube.ide.mcu.externaltools.gnu-tools-for-stm32.12.3.rel1.win32_1.1.0.202410251130/tools/bin/../lib/gcc/arm-none-eabi/12.3.1/../../../../arm-none-eabi/lib/thumb/v6-m/nofp\libc_nano.a(libc_a-writer.o)
                0x080045d0                _write_r
 .text.__errno  0x080045f8        0xc C:/ST/STM32CubeIDE_1.17.0/STM32CubeIDE/plugins/com.st.stm32cube.ide.mcu.externaltools.gnu-tools-for-stm32.12.3.rel1.win32_1.1.0.202410251130/tools/bin/../lib/gcc/arm-none-eabi/12.3.1/../../../../arm-none-eabi/lib/thumb/v6-m/nofp\libc_nano.a(libc_a-errno.o)
                0x080045f8                __errno
 .text.__libc_init_array
                0x08004604       0x48 C:/ST/STM32CubeIDE_1.17.0/STM32CubeIDE/plugins/com.st.stm32cube.ide.mcu.externaltools.gnu-tools-for-stm32.12.3.rel1.win32_1.1.0.202410251130/tools/bin/../lib/gcc/arm-none-eabi/12.3.1/../../../../arm-none-eabi/lib/thumb/v6-m/nofp\libc_nano.a(libc_a-init.o)
                0x08004604                __libc_init_array
 .text.__retarget_lock_init_recursive
                0x0800464c        0x2 C:/ST/STM32CubeIDE_1.17.0/STM32CubeIDE/plugins/com.st.stm32cube.ide.mcu.externaltools.gnu-tools-for-stm32.12.3.rel1.win32_1.1.0.202410251130/tools/bin/../lib/gcc/arm-none-eabi/12.3.1/../../../../arm-none-eabi/lib/thumb/v6-m/nofp\libc_nano.a(libc_a-lock.o)
                0x0800464c                __retarget_lock_init_recursive
 .text.__retarget_lock_acquire_recursive
                0x0800464e        0x2 C:/ST/STM32CubeIDE_1.17.0/STM32CubeIDE/plugins/com.st.stm32cube.ide.mcu.externaltools.gnu-tools-for-stm32.12.3.rel1.win32_1.1.0.202410251130/tools/bin/../lib/gcc/arm-none-eabi/12.3.1/../../../../arm-none-eabi/lib/thumb/v6-m/nofp\libc_nano.a(libc_a-lock.o)
                0x0800464e                __retarget_lock_acquire_recursive
 .text.__retarget_lock_release_recursive
                0x08004650        0x2 C:/ST/STM32CubeIDE_1.17.0/STM32CubeIDE/plugins/com.st.stm32cube.ide.mcu.externaltools.gnu-tools-for-stm32.12.3.rel1.win32_1.1.0.202410251130/tools/bin/../lib/gcc/arm-none-eabi/12.3.1/../../../../arm-none-eabi/lib/thumb/v6-m/nofp\libc_nano.a(libc_a-lock.o)
                0x08004650                __retarget_lock_release_recursive
 *fill*         0x08004652        0x2 
 .text.__assert_func
                0x08004654       0x3c C:/ST/STM32CubeIDE_1.17.0/STM32CubeIDE/plugins/com.st.stm32cube.ide.mcu.externaltools.gnu-tools-for-stm32.12.3.rel1.win32_1.1.0.202410251130/tools/bin/../lib/gcc/arm-none-eabi/12.3.1/../../../../arm-none-eabi/lib/thumb/v6-m/nofp\libc_nano.a(libc_a-assert.o)
                0x08004654                __assert_func
 .text._free_r  0x08004690       0x94 C:/ST/STM32CubeIDE_1.17.0/STM32CubeIDE/plugins/com.st.stm32cube.ide.mcu.externaltools.gnu-tools-for-stm32.12.3.rel1.win32_1.1.0.202410251130/tools/bin/../lib/gcc/arm-none-eabi/12.3.1/../../../../arm-none-eabi/lib/thumb/v6-m/nofp\libc_nano.a(libc_a-freer.o)
                0x08004690                _free_r
 .text.malloc   0x08004724       0x14 C:/ST/STM32CubeIDE_1.17.0/STM32CubeIDE/plugins/com.st.stm32cube.ide.mcu.externaltools.gnu-tools-for-stm32.12.3.rel1.win32_1.1.0.202410251130/tools/bin/../lib/gcc/arm-none-eabi/12.3.1/../../../../arm-none-eabi/lib/thumb/v6-m/nofp\libc_nano.a(libc_a-malloc.o)
                0x08004724                malloc
 .text.sbrk_aligned
                0x08004738       0x44 C:/ST/STM32CubeIDE_1.17.0/STM32CubeIDE/plugins/com.st.stm32cube.ide.mcu.externaltools.gnu-tools-for-stm32.12.3.rel1.win32_1.1.0.202410251130/tools/bin/../lib/gcc/arm-none-eabi/12.3.1/../../../../arm-none-eabi/lib/thumb/v6-m/nofp\libc_nano.a(libc_a-mallocr.o)
 .text._malloc_r
                0x0800477c      0x100 C:/ST/STM32CubeIDE_1.17.0/STM32CubeIDE/plugins/com.st.stm32cube.ide.mcu.externaltools.gnu-tools-for-stm32.12.3.rel1.win32_1.1.0.202410251130/tools/bin/../lib/gcc/arm-none-eabi/12.3.1/../../../../arm-none-eabi/lib/thumb/v6-m/nofp\libc_nano.a(libc_a-mallocr.o)
                0x0800477c                _malloc_r
 .text.__malloc_lock
                0x0800487c       0x10 C:/ST/STM32CubeIDE_1.17.0/STM32CubeIDE/plugins/com.st.stm32cube.ide.mcu.externaltools.gnu-tools-for-stm32.12.3.rel1.win32_1.1.0.202410251130/tools/bin/../lib/gcc/arm-none-eabi/12.3.1/../../../../arm-none-eabi/lib/thumb/v6-m/nofp\libc_nano.a(libc_a-mlock.o)
                0x0800487c                __malloc_lock
 .text.__malloc_unlock
                0x0800488c       0x10 C:/ST/STM32CubeIDE_1.17.0/STM32CubeIDE/plugins/com.st.stm32cube.ide.mcu.externaltools.gnu-tools-for-stm32.12.3.rel1.win32_1.1.0.202410251130/tools/bin/../lib/gcc/arm-none-eabi/12.3.1/../../../../arm-none-eabi/lib/thumb/v6-m/nofp\libc_nano.a(libc_a-mlock.o)
                0x0800488c                __malloc_unlock
 .text.__sflush_r
                0x0800489c      0x10c C:/ST/STM32CubeIDE_1.17.0/STM32CubeIDE/plugins/com.st.stm32cube.ide.mcu.externaltools.gnu-tools-for-stm32.12.3.rel1.win32_1.1.0.202410251130/tools/bin/../lib/gcc/arm-none-eabi/12.3.1/../../../../arm-none-eabi/lib/thumb/v6-m/nofp\libc_nano.a(libc_a-fflush.o)
                0x0800489c                __sflush_r
 .text._fflush_r
                0x080049a8       0x56 C:/ST/STM32CubeIDE_1.17.0/STM32CubeIDE/plugins/com.st.stm32cube.ide.mcu.externaltools.gnu-tools-for-stm32.12.3.rel1.win32_1.1.0.202410251130/tools/bin/../lib/gcc/arm-none-eabi/12.3.1/../../../../arm-none-eabi/lib/thumb/v6-m/nofp\libc_nano.a(libc_a-fflush.o)
                0x080049a8                _fflush_r
 *fill*         0x080049fe        0x2 
 .text.fprintf  0x08004a00       0x20 C:/ST/STM32CubeIDE_1.17.0/STM32CubeIDE/plugins/com.st.stm32cube.ide.mcu.externaltools.gnu-tools-for-stm32.12.3.rel1.win32_1.1.0.202410251130/tools/bin/../lib/gcc/arm-none-eabi/12.3.1/../../../../arm-none-eabi/lib/thumb/v6-m/nofp\libc_nano.a(libc_a-fprintf.o)
                0x08004a00                fiprintf
                0x08004a00                fprintf
 .text._sbrk_r  0x08004a20       0x24 C:/ST/STM32CubeIDE_1.17.0/STM32CubeIDE/plugins/com.st.stm32cube.ide.mcu.externaltools.gnu-tools-for-stm32.12.3.rel1.win32_1.1.0.202410251130/tools/bin/../lib/gcc/arm-none-eabi/12.3.1/../../../../arm-none-eabi/lib/thumb/v6-m/nofp\libc_nano.a(libc_a-sbrkr.o)
                0x08004a20                _sbrk_r
 .text.abort    0x08004a44        0xe C:/ST/STM32CubeIDE_1.17.0/STM32CubeIDE/plugins/com.st.stm32cube.ide.mcu.externaltools.gnu-tools-for-stm32.12.3.rel1.win32_1.1.0.202410251130/tools/bin/../lib/gcc/arm-none-eabi/12.3.1/../../../../arm-none-eabi/lib/thumb/v6-m/nofp\libc_nano.a(libc_a-abort.o)
                0x08004a44                abort
 .text.__sfputc_r
                0x08004a52       0x2a C:/ST/STM32CubeIDE_1.17.0/STM32CubeIDE/plugins/com.st.stm32cube.ide.mcu.externaltools.gnu-tools-for-stm32.12.3.rel1.win32_1.1.0.202410251130/tools/bin/../lib/gcc/arm-none-eabi/12.3.1/../../../../arm-none-eabi/lib/thumb/v6-m/nofp\libc_nano.a(libc_a-nano-vfprintf.o)
 .text.__sfputs_r
                0x08004a7c       0x24 C:/ST/STM32CubeIDE_1.17.0/STM32CubeIDE/plugins/com.st.stm32cube.ide.mcu.externaltools.gnu-tools-for-stm32.12.3.rel1.win32_1.1.0.202410251130/tools/bin/../lib/gcc/arm-none-eabi/12.3.1/../../../../arm-none-eabi/lib/thumb/v6-m/nofp\libc_nano.a(libc_a-nano-vfprintf.o)
                0x08004a7c                __sfputs_r
 .text._vfprintf_r
                0x08004aa0      0x238 C:/ST/STM32CubeIDE_1.17.0/STM32CubeIDE/plugins/com.st.stm32cube.ide.mcu.externaltools.gnu-tools-for-stm32.12.3.rel1.win32_1.1.0.202410251130/tools/bin/../lib/gcc/arm-none-eabi/12.3.1/../../../../arm-none-eabi/lib/thumb/v6-m/nofp\libc_nano.a(libc_a-nano-vfprintf.o)
                0x08004aa0                _vfprintf_r
                0x08004aa0                _vfiprintf_r
 .text._printf_common
                0x08004cd8       0xde C:/ST/STM32CubeIDE_1.17.0/STM32CubeIDE/plugins/com.st.stm32cube.ide.mcu.externaltools.gnu-tools-for-stm32.12.3.rel1.win32_1.1.0.202410251130/tools/bin/../lib/gcc/arm-none-eabi/12.3.1/../../../../arm-none-eabi/lib/thumb/v6-m/nofp\libc_nano.a(libc_a-nano-vfprintf_i.o)
                0x08004cd8                _printf_common
 *fill*         0x08004db6        0x2 
 .text._printf_i
                0x08004db8      0x21c C:/ST/STM32CubeIDE_1.17.0/STM32CubeIDE/plugins/com.st.stm32cube.ide.mcu.externaltools.gnu-tools-for-stm32.12.3.rel1.win32_1.1.0.202410251130/tools/bin/../lib/gcc/arm-none-eabi/12.3.1/../../../../arm-none-eabi/lib/thumb/v6-m/nofp\libc_nano.a(libc_a-nano-vfprintf_i.o)
                0x08004db8                _printf_i
 .text.__swbuf_r
                0x08004fd4       0x84 C:/ST/STM32CubeIDE_1.17.0/STM32CubeIDE/plugins/com.st.stm32cube.ide.mcu.externaltools.gnu-tools-for-stm32.12.3.rel1.win32_1.1.0.202410251130/tools/bin/../lib/gcc/arm-none-eabi/12.3.1/../../../../arm-none-eabi/lib/thumb/v6-m/nofp\libc_nano.a(libc_a-wbuf.o)
                0x08004fd4                __swbuf_r
 .text.__swsetup_r
                0x08005058       0xbc C:/ST/STM32CubeIDE_1.17.0/STM32CubeIDE/plugins/com.st.stm32cube.ide.mcu.externaltools.gnu-tools-for-stm32.12.3.rel1.win32_1.1.0.202410251130/tools/bin/../lib/gcc/arm-none-eabi/12.3.1/../../../../arm-none-eabi/lib/thumb/v6-m/nofp\libc_nano.a(libc_a-wsetup.o)
                0x08005058                __swsetup_r
 .text._raise_r
                0x08005114       0x52 C:/ST/STM32CubeIDE_1.17.0/STM32CubeIDE/plugins/com.st.stm32cube.ide.mcu.externaltools.gnu-tools-for-stm32.12.3.rel1.win32_1.1.0.202410251130/tools/bin/../lib/gcc/arm-none-eabi/12.3.1/../../../../arm-none-eabi/lib/thumb/v6-m/nofp\libc_nano.a(libc_a-signal.o)
                0x08005114                _raise_r
 *fill*         0x08005166        0x2 
 .text.raise    0x08005168       0x14 C:/ST/STM32CubeIDE_1.17.0/STM32CubeIDE/plugins/com.st.stm32cube.ide.mcu.externaltools.gnu-tools-for-stm32.12.3.rel1.win32_1.1.0.202410251130/tools/bin/../lib/gcc/arm-none-eabi/12.3.1/../../../../arm-none-eabi/lib/thumb/v6-m/nofp\libc_nano.a(libc_a-signal.o)
                0x08005168                raise
 .text._kill_r  0x0800517c       0x24 C:/ST/STM32CubeIDE_1.17.0/STM32CubeIDE/plugins/com.st.stm32cube.ide.mcu.externaltools.gnu-tools-for-stm32.12.3.rel1.win32_1.1.0.202410251130/tools/bin/../lib/gcc/arm-none-eabi/12.3.1/../../../../arm-none-eabi/lib/thumb/v6-m/nofp\libc_nano.a(libc_a-signalr.o)
                0x0800517c                _kill_r
 .text._getpid_r
                0x080051a0        0x8 C:/ST/STM32CubeIDE_1.17.0/STM32CubeIDE/plugins/com.st.stm32cube.ide.mcu.externaltools.gnu-tools-for-stm32.12.3.rel1.win32_1.1.0.202410251130/tools/bin/../lib/gcc/arm-none-eabi/12.3.1/../../../../arm-none-eabi/lib/thumb/v6-m/nofp\libc_nano.a(libc_a-signalr.o)
                0x080051a0                _getpid_r
 .text.memchr   0x080051a8       0x16 C:/ST/STM32CubeIDE_1.17.0/STM32CubeIDE/plugins/com.st.stm32cube.ide.mcu.externaltools.gnu-tools-for-stm32.12.3.rel1.win32_1.1.0.202410251130/tools/bin/../lib/gcc/arm-none-eabi/12.3.1/../../../../arm-none-eabi/lib/thumb/v6-m/nofp\libc_nano.a(libc_a-memchr-stub.o)
                0x080051a8                memchr
 *fill*         0x080051be        0x2 
 .text.__swhatbuf_r
                0x080051c0       0x54 C:/ST/STM32CubeIDE_1.17.0/STM32CubeIDE/plugins/com.st.stm32cube.ide.mcu.externaltools.gnu-tools-for-stm32.12.3.rel1.win32_1.1.0.202410251130/tools/bin/../lib/gcc/arm-none-eabi/12.3.1/../../../../arm-none-eabi/lib/thumb/v6-m/nofp\libc_nano.a(libc_a-makebuf.o)
                0x080051c0                __swhatbuf_r
 .text.__smakebuf_r
                0x08005214       0x82 C:/ST/STM32CubeIDE_1.17.0/STM32CubeIDE/plugins/com.st.stm32cube.ide.mcu.externaltools.gnu-tools-for-stm32.12.3.rel1.win32_1.1.0.202410251130/tools/bin/../lib/gcc/arm-none-eabi/12.3.1/../../../../arm-none-eabi/lib/thumb/v6-m/nofp\libc_nano.a(libc_a-makebuf.o)
                0x08005214                __smakebuf_r
 *fill*         0x08005296        0x2 
 .text._fstat_r
                0x08005298       0x24 C:/ST/STM32CubeIDE_1.17.0/STM32CubeIDE/plugins/com.st.stm32cube.ide.mcu.externaltools.gnu-tools-for-stm32.12.3.rel1.win32_1.1.0.202410251130/tools/bin/../lib/gcc/arm-none-eabi/12.3.1/../../../../arm-none-eabi/lib/thumb/v6-m/nofp\libc_nano.a(libc_a-fstatr.o)
                0x08005298                _fstat_r
 .text._isatty_r
                0x080052bc       0x24 C:/ST/STM32CubeIDE_1.17.0/STM32CubeIDE/plugins/com.st.stm32cube.ide.mcu.externaltools.gnu-tools-for-stm32.12.3.rel1.win32_1.1.0.202410251130/tools/bin/../lib/gcc/arm-none-eabi/12.3.1/../../../../arm-none-eabi/lib/thumb/v6-m/nofp\libc_nano.a(libc_a-isattyr.o)
                0x080052bc                _isatty_r
 *(.glue_7)
 .glue_7        0x080052e0        0x0 linker stubs
 *(.glue_7t)
 .glue_7t       0x080052e0        0x0 linker stubs
 *(.eh_frame)
 .eh_frame      0x080052e0        0x0 C:/ST/STM32CubeIDE_1.17.0/STM32CubeIDE/plugins/com.st.stm32cube.ide.mcu.externaltools.gnu-tools-for-stm32.12.3.rel1.win32_1.1.0.202410251130/tools/bin/../lib/gcc/arm-none-eabi/12.3.1/thumb/v6-m/nofp/crtbegin.o
 *(.init)
 .init          0x080052e0        0x4 C:/ST/STM32CubeIDE_1.17.0/STM32CubeIDE/plugins/com.st.stm32cube.ide.mcu.externaltools.gnu-tools-for-stm32.12.3.rel1.win32_1.1.0.202410251130/tools/bin/../lib/gcc/arm-none-eabi/12.3.1/thumb/v6-m/nofp/crti.o
                0x080052e0                _init
 .init          0x080052e4        0x8 C:/ST/STM32CubeIDE_1.17.0/STM32CubeIDE/plugins/com.st.stm32cube.ide.mcu.externaltools.gnu-tools-for-stm32.12.3.rel1.win32_1.1.0.202410251130/tools/bin/../lib/gcc/arm-none-eabi/12.3.1/thumb/v6-m/nofp/crtn.o
 *(.fini)
 .fini          0x080052ec        0x4 C:/ST/STM32CubeIDE_1.17.0/STM32CubeIDE/plugins/com.st.stm32cube.ide.mcu.externaltools.gnu-tools-for-stm32.12.3.rel1.win32_1.1.0.202410251130/tools/bin/../lib/gcc/arm-none-eabi/12.3.1/thumb/v6-m/nofp/crti.o
                0x080052ec                _fini
 .fini          0x080052f0        0x8 C:/ST/STM32CubeIDE_1.17.0/STM32CubeIDE/plugins/com.st.stm32cube.ide.mcu.externaltools.gnu-tools-for-stm32.12.3.rel1.win32_1.1.0.202410251130/tools/bin/../lib/gcc/arm-none-eabi/12.3.1/thumb/v6-m/nofp/crtn.o
                0x080052f8                        . = ALIGN (0x4)
                0x080052f8                        _etext = .

.vfp11_veneer   0x080052f8        0x0
 .vfp11_veneer  0x080052f8        0x0 linker stubs

.v4_bx          0x080052f8        0x0
 .v4_bx         0x080052f8        0x0 linker stubs

.iplt           0x080052f8        0x0
 .iplt          0x080052f8        0x0 C:/ST/STM32CubeIDE_1.17.0/STM32CubeIDE/plugins/com.st.stm32cube.ide.mcu.externaltools.gnu-tools-for-stm32.12.3.rel1.win32_1.1.0.202410251130/tools/bin/../lib/gcc/arm-none-eabi/12.3.1/thumb/v6-m/nofp/crtbegin.o

.rodata         0x080052f8      0x19c
                0x080052f8                        . = ALIGN (0x4)
 *(.rodata)
 *(.rodata*)
 .rodata.ChangeBallColor
                0x080052f8       0x18 ./Core/Src/effects.o
 .rodata.tetrominoes
                0x08005310       0x38 ./Core/Src/games.o
                0x08005310                tetrominoes
 .rodata.colors
                0x08005348       0x18 ./Core/Src/games.o
                0x08005348                colors
 .rodata.AHBPrescTable
                0x08005360       0x10 ./Core/Src/system_stm32f0xx.o
                0x08005360                AHBPrescTable
 .rodata.Work   0x08005370       0x24 ./Core/Src/work.o
 .rodata.aPredivFactorTable.0
                0x08005394       0x10 ./Drivers/STM32F0xx_HAL_Driver/Src/stm32f0xx_hal_rcc.o
 .rodata.aPLLMULFactorTable.1
                0x080053a4       0x10 ./Drivers/STM32F0xx_HAL_Driver/Src/stm32f0xx_hal_rcc.o
 .rodata.srand.str1.1
                0x080053b4       0x6f C:/ST/STM32CubeIDE_1.17.0/STM32CubeIDE/plugins/com.st.stm32cube.ide.mcu.externaltools.gnu-tools-for-stm32.12.3.rel1.win32_1.1.0.202410251130/tools/bin/../lib/gcc/arm-none-eabi/12.3.1/../../../../arm-none-eabi/lib/thumb/v6-m/nofp\libc_nano.a(libc_a-rand.o)
 .rodata.__assert_func.str1.1
                0x08005423       0x3c C:/ST/STM32CubeIDE_1.17.0/STM32CubeIDE/plugins/com.st.stm32cube.ide.mcu.externaltools.gnu-tools-for-stm32.12.3.rel1.win32_1.1.0.202410251130/tools/bin/../lib/gcc/arm-none-eabi/12.3.1/../../../../arm-none-eabi/lib/thumb/v6-m/nofp\libc_nano.a(libc_a-assert.o)
                                 0x3d (size before relaxing)
 .rodata._vfprintf_r.str1.1
                0x0800545f       0x11 C:/ST/STM32CubeIDE_1.17.0/STM32CubeIDE/plugins/com.st.stm32cube.ide.mcu.externaltools.gnu-tools-for-stm32.12.3.rel1.win32_1.1.0.202410251130/tools/bin/../lib/gcc/arm-none-eabi/12.3.1/../../../../arm-none-eabi/lib/thumb/v6-m/nofp\libc_nano.a(libc_a-nano-vfprintf.o)
 .rodata._printf_i.str1.1
                0x08005470       0x22 C:/ST/STM32CubeIDE_1.17.0/STM32CubeIDE/plugins/com.st.stm32cube.ide.mcu.externaltools.gnu-tools-for-stm32.12.3.rel1.win32_1.1.0.202410251130/tools/bin/../lib/gcc/arm-none-eabi/12.3.1/../../../../arm-none-eabi/lib/thumb/v6-m/nofp\libc_nano.a(libc_a-nano-vfprintf_i.o)
                0x08005494                        . = ALIGN (0x4)
 *fill*         0x08005492        0x2 

.ARM.extab      0x08005494        0x0
                0x08005494                        . = ALIGN (0x4)
 *(.ARM.extab* .gnu.linkonce.armextab.*)
                0x08005494                        . = ALIGN (0x4)

.ARM            0x08005494        0x0
                0x08005494                        . = ALIGN (0x4)
                0x08005494                        __exidx_start = .
 *(.ARM.exidx*)
                0x08005494                        __exidx_end = .
                0x08005494                        . = ALIGN (0x4)

.preinit_array  0x08005494        0x0
                0x08005494                        . = ALIGN (0x4)
                0x08005494                        PROVIDE (__preinit_array_start = .)
 *(.preinit_array*)
                0x08005494                        PROVIDE (__preinit_array_end = .)
                0x08005494                        . = ALIGN (0x4)

.init_array     0x08005494        0x4
                0x08005494                        . = ALIGN (0x4)
                0x08005494                        PROVIDE (__init_array_start = .)
 *(SORT_BY_NAME(.init_array.*))
 *(.init_array*)
 .init_array    0x08005494        0x4 C:/ST/STM32CubeIDE_1.17.0/STM32CubeIDE/plugins/com.st.stm32cube.ide.mcu.externaltools.gnu-tools-for-stm32.12.3.rel1.win32_1.1.0.202410251130/tools/bin/../lib/gcc/arm-none-eabi/12.3.1/thumb/v6-m/nofp/crtbegin.o
                0x08005498                        PROVIDE (__init_array_end = .)
                0x08005498                        . = ALIGN (0x4)

.fini_array     0x08005498        0x4
                0x08005498                        . = ALIGN (0x4)
                [!provide]                        PROVIDE (__fini_array_start = .)
 *(SORT_BY_NAME(.fini_array.*))
 *(.fini_array*)
 .fini_array    0x08005498        0x4 C:/ST/STM32CubeIDE_1.17.0/STM32CubeIDE/plugins/com.st.stm32cube.ide.mcu.externaltools.gnu-tools-for-stm32.12.3.rel1.win32_1.1.0.202410251130/tools/bin/../lib/gcc/arm-none-eabi/12.3.1/thumb/v6-m/nofp/crtbegin.o
                [!provide]                        PROVIDE (__fini_array_end = .)
                0x0800549c                        . = ALIGN (0x4)
                0x0800549c                        _sidata = LOADADDR (.data)

.rel.dyn        0x0800549c        0x0
 .rel.iplt      0x0800549c        0x0 C:/ST/STM32CubeIDE_1.17.0/STM32CubeIDE/plugins/com.st.stm32cube.ide.mcu.externaltools.gnu-tools-for-stm32.12.3.rel1.win32_1.1.0.202410251130/tools/bin/../lib/gcc/arm-none-eabi/12.3.1/thumb/v6-m/nofp/crtbegin.o

.data           0x20000000       0x70 load address 0x0800549c
                0x20000000                        . = ALIGN (0x4)
                0x20000000                        _sdata = .
 *(.data)
 *(.data*)
 .data.heart_fade_step
                0x20000000        0x4 ./Core/Src/effects.o
                0x20000000                heart_fade_step
 .data.heart_brightness
                0x20000004        0x4 ./Core/Src/effects.o
                0x20000004                heart_brightness
 .data.SystemCoreClock
                0x20000008        0x4 ./Core/Src/system_stm32f0xx.o
                0x20000008                SystemCoreClock
 .data.auto_mode_switch
                0x2000000c        0x1 ./Core/Src/work.o
                0x2000000c                auto_mode_switch
 .data.uwTickFreq
                0x2000000d        0x1 ./Drivers/STM32F0xx_HAL_Driver/Src/stm32f0xx_hal.o
                0x2000000d                uwTickFreq
 *fill*         0x2000000e        0x2 
 .data.uwTickPrio
                0x20000010        0x4 ./Drivers/STM32F0xx_HAL_Driver/Src/stm32f0xx_hal.o
                0x20000010                uwTickPrio
 .data.__sglue  0x20000014        0xc C:/ST/STM32CubeIDE_1.17.0/STM32CubeIDE/plugins/com.st.stm32cube.ide.mcu.externaltools.gnu-tools-for-stm32.12.3.rel1.win32_1.1.0.202410251130/tools/bin/../lib/gcc/arm-none-eabi/12.3.1/../../../../arm-none-eabi/lib/thumb/v6-m/nofp\libc_nano.a(libc_a-findfp.o)
                0x20000014                __sglue
 .data._impure_ptr
                0x20000020        0x4 C:/ST/STM32CubeIDE_1.17.0/STM32CubeIDE/plugins/com.st.stm32cube.ide.mcu.externaltools.gnu-tools-for-stm32.12.3.rel1.win32_1.1.0.202410251130/tools/bin/../lib/gcc/arm-none-eabi/12.3.1/../../../../arm-none-eabi/lib/thumb/v6-m/nofp\libc_nano.a(libc_a-impure.o)
                0x20000020                _impure_ptr
 .data._impure_data
                0x20000024       0x4c C:/ST/STM32CubeIDE_1.17.0/STM32CubeIDE/plugins/com.st.stm32cube.ide.mcu.externaltools.gnu-tools-for-stm32.12.3.rel1.win32_1.1.0.202410251130/tools/bin/../lib/gcc/arm-none-eabi/12.3.1/../../../../arm-none-eabi/lib/thumb/v6-m/nofp\libc_nano.a(libc_a-impure.o)
                0x20000024                _impure_data
 *(.RamFunc)
 *(.RamFunc*)
                0x20000070                        . = ALIGN (0x4)
                0x20000070                        _edata = .

.igot.plt       0x20000070        0x0 load address 0x0800550c
 .igot.plt      0x20000070        0x0 C:/ST/STM32CubeIDE_1.17.0/STM32CubeIDE/plugins/com.st.stm32cube.ide.mcu.externaltools.gnu-tools-for-stm32.12.3.rel1.win32_1.1.0.202410251130/tools/bin/../lib/gcc/arm-none-eabi/12.3.1/thumb/v6-m/nofp/crtbegin.o
                0x20000070                        . = ALIGN (0x4)

.bss            0x20000070      0xf44 load address 0x0800550c
                0x20000070                        _sbss = .
                0x20000070                        __bss_start__ = _sbss
 *(.bss)
 .bss           0x20000070       0x1c C:/ST/STM32CubeIDE_1.17.0/STM32CubeIDE/plugins/com.st.stm32cube.ide.mcu.externaltools.gnu-tools-for-stm32.12.3.rel1.win32_1.1.0.202410251130/tools/bin/../lib/gcc/arm-none-eabi/12.3.1/thumb/v6-m/nofp/crtbegin.o
 *(.bss*)
 .bss.rainbow_offset
                0x2000008c        0x1 ./Core/Src/effects.o
 .bss.game_tick_counter
                0x2000008d        0x1 ./Core/Src/games.o
                0x2000008d                game_tick_counter
 *fill*         0x2000008e        0x2 
 .bss.pwmData   0x20000090      0xc6c ./Core/Src/ledMatrix.o
                0x20000090                pwmData
 .bss.hdma_tim1_ch2
                0x20000cfc       0x44 ./Core/Src/main.o
                0x20000cfc                hdma_tim1_ch2
 .bss.htim1     0x20000d40       0x48 ./Core/Src/main.o
                0x20000d40                htim1
 .bss.hadc      0x20000d88       0x40 ./Core/Src/main.o
                0x20000d88                hadc
 .bss.state     0x20000dc8       0x7e ./Core/Src/saportAndData.o
                0x20000dc8                state
 *fill*         0x20000e46        0x2 
 .bss.__sbrk_heap_end
                0x20000e48        0x4 ./Core/Src/sysmem.o
 .bss.adc_timer
                0x20000e4c        0x4 ./Core/Src/work.o
                0x20000e4c                adc_timer
 .bss.btn_prev_state
                0x20000e50        0x1 ./Core/Src/work.o
                0x20000e50                btn_prev_state
 *fill*         0x20000e51        0x3 
 .bss.btn_press_time
                0x20000e54        0x4 ./Core/Src/work.o
                0x20000e54                btn_press_time
 .bss.action_timer
                0x20000e58        0x4 ./Core/Src/work.o
                0x20000e58                action_timer
 .bss.mode_timer
                0x20000e5c        0x4 ./Core/Src/work.o
                0x20000e5c                mode_timer
 .bss.current_mode
                0x20000e60        0x1 ./Core/Src/work.o
                0x20000e60                current_mode
 *fill*         0x20000e61        0x3 
 .bss.uwTick    0x20000e64        0x4 ./Drivers/STM32F0xx_HAL_Driver/Src/stm32f0xx_hal.o
                0x20000e64                uwTick
 .bss.__sf      0x20000e68      0x138 C:/ST/STM32CubeIDE_1.17.0/STM32CubeIDE/plugins/com.st.stm32cube.ide.mcu.externaltools.gnu-tools-for-stm32.12.3.rel1.win32_1.1.0.202410251130/tools/bin/../lib/gcc/arm-none-eabi/12.3.1/../../../../arm-none-eabi/lib/thumb/v6-m/nofp\libc_nano.a(libc_a-findfp.o)
                0x20000e68                __sf
 .bss.__stdio_exit_handler
                0x20000fa0        0x4 C:/ST/STM32CubeIDE_1.17.0/STM32CubeIDE/plugins/com.st.stm32cube.ide.mcu.externaltools.gnu-tools-for-stm32.12.3.rel1.win32_1.1.0.202410251130/tools/bin/../lib/gcc/arm-none-eabi/12.3.1/../../../../arm-none-eabi/lib/thumb/v6-m/nofp\libc_nano.a(libc_a-findfp.o)
                0x20000fa0                __stdio_exit_handler
 .bss.errno     0x20000fa4        0x4 C:/ST/STM32CubeIDE_1.17.0/STM32CubeIDE/plugins/com.st.stm32cube.ide.mcu.externaltools.gnu-tools-for-stm32.12.3.rel1.win32_1.1.0.202410251130/tools/bin/../lib/gcc/arm-none-eabi/12.3.1/../../../../arm-none-eabi/lib/thumb/v6-m/nofp\libc_nano.a(libc_a-reent.o)
                0x20000fa4                errno
 .bss.__lock___malloc_recursive_mutex
                0x20000fa8        0x1 C:/ST/STM32CubeIDE_1.17.0/STM32CubeIDE/plugins/com.st.stm32cube.ide.mcu.externaltools.gnu-tools-for-stm32.12.3.rel1.win32_1.1.0.202410251130/tools/bin/../lib/gcc/arm-none-eabi/12.3.1/../../../../arm-none-eabi/lib/thumb/v6-m/nofp\libc_nano.a(libc_a-lock.o)
                0x20000fa8                __lock___malloc_recursive_mutex
 .bss.__lock___sfp_recursive_mutex
                0x20000fa9        0x1 C:/ST/STM32CubeIDE_1.17.0/STM32CubeIDE/plugins/com.st.stm32cube.ide.mcu.externaltools.gnu-tools-for-stm32.12.3.rel1.win32_1.1.0.202410251130/tools/bin/../lib/gcc/arm-none-eabi/12.3.1/../../../../arm-none-eabi/lib/thumb/v6-m/nofp\libc_nano.a(libc_a-lock.o)
                0x20000fa9                __lock___sfp_recursive_mutex
 *fill*         0x20000faa        0x2 
 .bss.__malloc_sbrk_start
                0x20000fac        0x4 C:/ST/STM32CubeIDE_1.17.0/STM32CubeIDE/plugins/com.st.stm32cube.ide.mcu.externaltools.gnu-tools-for-stm32.12.3.rel1.win32_1.1.0.202410251130/tools/bin/../lib/gcc/arm-none-eabi/12.3.1/../../../../arm-none-eabi/lib/thumb/v6-m/nofp\libc_nano.a(libc_a-mallocr.o)
                0x20000fac                __malloc_sbrk_start
 .bss.__malloc_free_list
                0x20000fb0        0x4 C:/ST/STM32CubeIDE_1.17.0/STM32CubeIDE/plugins/com.st.stm32cube.ide.mcu.externaltools.gnu-tools-for-stm32.12.3.rel1.win32_1.1.0.202410251130/tools/bin/../lib/gcc/arm-none-eabi/12.3.1/../../../../arm-none-eabi/lib/thumb/v6-m/nofp\libc_nano.a(libc_a-mallocr.o)
                0x20000fb0                __malloc_free_list
 *(COMMON)
                0x20000fb4                        . = ALIGN (0x4)
                0x20000fb4                        _ebss = .
                0x20000fb4                        __bss_end__ = _ebss

._user_heap_stack
                0x20000fb4      0x604 load address 0x0800550c
                0x20000fb8                        . = ALIGN (0x8)
 *fill*         0x20000fb4        0x4 
                [!provide]                        PROVIDE (end = .)
                0x20000fb8                        PROVIDE (_end = .)
                0x200011b8                        . = (. + _Min_Heap_Size)
 *fill*         0x20000fb8      0x200 
                0x200015b8                        . = (. + _Min_Stack_Size)
 *fill*         0x200011b8      0x400 
                0x200015b8                        . = ALIGN (0x8)

/DISCARD/
 libc.a(*)
 libm.a(*)
 libgcc.a(*)

.ARM.attributes
                0x00000000       0x28
 *(.ARM.attributes)
 .ARM.attributes
                0x00000000       0x1e C:/ST/STM32CubeIDE_1.17.0/STM32CubeIDE/plugins/com.st.stm32cube.ide.mcu.externaltools.gnu-tools-for-stm32.12.3.rel1.win32_1.1.0.202410251130/tools/bin/../lib/gcc/arm-none-eabi/12.3.1/thumb/v6-m/nofp/crti.o
 .ARM.attributes
                0x0000001e       0x2c C:/ST/STM32CubeIDE_1.17.0/STM32CubeIDE/plugins/com.st.stm32cube.ide.mcu.externaltools.gnu-tools-for-stm32.12.3.rel1.win32_1.1.0.202410251130/tools/bin/../lib/gcc/arm-none-eabi/12.3.1/thumb/v6-m/nofp/crtbegin.o
 .ARM.attributes
                0x0000004a       0x2c ./Core/Src/effects.o
 .ARM.attributes
                0x00000076       0x2c ./Core/Src/games.o
 .ARM.attributes
                0x000000a2       0x2c ./Core/Src/ledMatrix.o
 .ARM.attributes
                0x000000ce       0x2c ./Core/Src/main.o
 .ARM.attributes
                0x000000fa       0x2c ./Core/Src/saportAndData.o
 .ARM.attributes
                0x00000126       0x2c ./Core/Src/stm32f0xx_hal_msp.o
 .ARM.attributes
                0x00000152       0x2c ./Core/Src/stm32f0xx_it.o
 .ARM.attributes
                0x0000017e       0x2c ./Core/Src/syscalls.o
 .ARM.attributes
                0x000001aa       0x2c ./Core/Src/sysmem.o
 .ARM.attributes
                0x000001d6       0x2c ./Core/Src/system_stm32f0xx.o
 .ARM.attributes
                0x00000202       0x2c ./Core/Src/work.o
 .ARM.attributes
                0x0000022e       0x21 ./Core/Startup/startup_stm32f070f6px.o
 .ARM.attributes
                0x0000024f       0x2c ./Drivers/STM32F0xx_HAL_Driver/Src/stm32f0xx_hal.o
 .ARM.attributes
                0x0000027b       0x2c ./Drivers/STM32F0xx_HAL_Driver/Src/stm32f0xx_hal_adc.o
 .ARM.attributes
                0x000002a7       0x2c ./Drivers/STM32F0xx_HAL_Driver/Src/stm32f0xx_hal_cortex.o
 .ARM.attributes
                0x000002d3       0x2c ./Drivers/STM32F0xx_HAL_Driver/Src/stm32f0xx_hal_dma.o
 .ARM.attributes
                0x000002ff       0x2c ./Drivers/STM32F0xx_HAL_Driver/Src/stm32f0xx_hal_gpio.o
 .ARM.attributes
                0x0000032b       0x2c ./Drivers/STM32F0xx_HAL_Driver/Src/stm32f0xx_hal_rcc.o
 .ARM.attributes
                0x00000357       0x2c ./Drivers/STM32F0xx_HAL_Driver/Src/stm32f0xx_hal_tim.o
 .ARM.attributes
                0x00000383       0x2c ./Drivers/STM32F0xx_HAL_Driver/Src/stm32f0xx_hal_tim_ex.o
 .ARM.attributes
                0x000003af       0x2c C:/ST/STM32CubeIDE_1.17.0/STM32CubeIDE/plugins/com.st.stm32cube.ide.mcu.externaltools.gnu-tools-for-stm32.12.3.rel1.win32_1.1.0.202410251130/tools/bin/../lib/gcc/arm-none-eabi/12.3.1/../../../../arm-none-eabi/lib/thumb/v6-m/nofp\libc_nano.a(libc_a-rand.o)
 .ARM.attributes
                0x000003db       0x2c C:/ST/STM32CubeIDE_1.17.0/STM32CubeIDE/plugins/com.st.stm32cube.ide.mcu.externaltools.gnu-tools-for-stm32.12.3.rel1.win32_1.1.0.202410251130/tools/bin/../lib/gcc/arm-none-eabi/12.3.1/../../../../arm-none-eabi/lib/thumb/v6-m/nofp\libc_nano.a(libc_a-findfp.o)
 .ARM.attributes
                0x00000407       0x2c C:/ST/STM32CubeIDE_1.17.0/STM32CubeIDE/plugins/com.st.stm32cube.ide.mcu.externaltools.gnu-tools-for-stm32.12.3.rel1.win32_1.1.0.202410251130/tools/bin/../lib/gcc/arm-none-eabi/12.3.1/../../../../arm-none-eabi/lib/thumb/v6-m/nofp\libc_nano.a(libc_a-fwalk.o)
 .ARM.attributes
                0x00000433       0x2c C:/ST/STM32CubeIDE_1.17.0/STM32CubeIDE/plugins/com.st.stm32cube.ide.mcu.externaltools.gnu-tools-for-stm32.12.3.rel1.win32_1.1.0.202410251130/tools/bin/../lib/gcc/arm-none-eabi/12.3.1/../../../../arm-none-eabi/lib/thumb/v6-m/nofp\libc_nano.a(libc_a-stdio.o)
 .ARM.attributes
                0x0000045f       0x2c C:/ST/STM32CubeIDE_1.17.0/STM32CubeIDE/plugins/com.st.stm32cube.ide.mcu.externaltools.gnu-tools-for-stm32.12.3.rel1.win32_1.1.0.202410251130/tools/bin/../lib/gcc/arm-none-eabi/12.3.1/../../../../arm-none-eabi/lib/thumb/v6-m/nofp\libc_nano.a(libc_a-memset.o)
 .ARM.attributes
                0x0000048b       0x2c C:/ST/STM32CubeIDE_1.17.0/STM32CubeIDE/plugins/com.st.stm32cube.ide.mcu.externaltools.gnu-tools-for-stm32.12.3.rel1.win32_1.1.0.202410251130/tools/bin/../lib/gcc/arm-none-eabi/12.3.1/../../../../arm-none-eabi/lib/thumb/v6-m/nofp\libc_nano.a(libc_a-closer.o)
 .ARM.attributes
                0x000004b7       0x2c C:/ST/STM32CubeIDE_1.17.0/STM32CubeIDE/plugins/com.st.stm32cube.ide.mcu.externaltools.gnu-tools-for-stm32.12.3.rel1.win32_1.1.0.202410251130/tools/bin/../lib/gcc/arm-none-eabi/12.3.1/../../../../arm-none-eabi/lib/thumb/v6-m/nofp\libc_nano.a(libc_a-reent.o)
 .ARM.attributes
                0x000004e3       0x2c C:/ST/STM32CubeIDE_1.17.0/STM32CubeIDE/plugins/com.st.stm32cube.ide.mcu.externaltools.gnu-tools-for-stm32.12.3.rel1.win32_1.1.0.202410251130/tools/bin/../lib/gcc/arm-none-eabi/12.3.1/../../../../arm-none-eabi/lib/thumb/v6-m/nofp\libc_nano.a(libc_a-impure.o)
 .ARM.attributes
                0x0000050f       0x2c C:/ST/STM32CubeIDE_1.17.0/STM32CubeIDE/plugins/com.st.stm32cube.ide.mcu.externaltools.gnu-tools-for-stm32.12.3.rel1.win32_1.1.0.202410251130/tools/bin/../lib/gcc/arm-none-eabi/12.3.1/../../../../arm-none-eabi/lib/thumb/v6-m/nofp\libc_nano.a(libc_a-lseekr.o)
 .ARM.attributes
                0x0000053b       0x2c C:/ST/STM32CubeIDE_1.17.0/STM32CubeIDE/plugins/com.st.stm32cube.ide.mcu.externaltools.gnu-tools-for-stm32.12.3.rel1.win32_1.1.0.202410251130/tools/bin/../lib/gcc/arm-none-eabi/12.3.1/../../../../arm-none-eabi/lib/thumb/v6-m/nofp\libc_nano.a(libc_a-readr.o)
 .ARM.attributes
                0x00000567       0x2c C:/ST/STM32CubeIDE_1.17.0/STM32CubeIDE/plugins/com.st.stm32cube.ide.mcu.externaltools.gnu-tools-for-stm32.12.3.rel1.win32_1.1.0.202410251130/tools/bin/../lib/gcc/arm-none-eabi/12.3.1/../../../../arm-none-eabi/lib/thumb/v6-m/nofp\libc_nano.a(libc_a-writer.o)
 .ARM.attributes
                0x00000593       0x2c C:/ST/STM32CubeIDE_1.17.0/STM32CubeIDE/plugins/com.st.stm32cube.ide.mcu.externaltools.gnu-tools-for-stm32.12.3.rel1.win32_1.1.0.202410251130/tools/bin/../lib/gcc/arm-none-eabi/12.3.1/../../../../arm-none-eabi/lib/thumb/v6-m/nofp\libc_nano.a(libc_a-errno.o)
 .ARM.attributes
                0x000005bf       0x2c C:/ST/STM32CubeIDE_1.17.0/STM32CubeIDE/plugins/com.st.stm32cube.ide.mcu.externaltools.gnu-tools-for-stm32.12.3.rel1.win32_1.1.0.202410251130/tools/bin/../lib/gcc/arm-none-eabi/12.3.1/../../../../arm-none-eabi/lib/thumb/v6-m/nofp\libc_nano.a(libc_a-init.o)
 .ARM.attributes
                0x000005eb       0x2c C:/ST/STM32CubeIDE_1.17.0/STM32CubeIDE/plugins/com.st.stm32cube.ide.mcu.externaltools.gnu-tools-for-stm32.12.3.rel1.win32_1.1.0.202410251130/tools/bin/../lib/gcc/arm-none-eabi/12.3.1/../../../../arm-none-eabi/lib/thumb/v6-m/nofp\libc_nano.a(libc_a-lock.o)
 .ARM.attributes
                0x00000617       0x2c C:/ST/STM32CubeIDE_1.17.0/STM32CubeIDE/plugins/com.st.stm32cube.ide.mcu.externaltools.gnu-tools-for-stm32.12.3.rel1.win32_1.1.0.202410251130/tools/bin/../lib/gcc/arm-none-eabi/12.3.1/../../../../arm-none-eabi/lib/thumb/v6-m/nofp\libc_nano.a(libc_a-assert.o)
 .ARM.attributes
                0x00000643       0x2c C:/ST/STM32CubeIDE_1.17.0/STM32CubeIDE/plugins/com.st.stm32cube.ide.mcu.externaltools.gnu-tools-for-stm32.12.3.rel1.win32_1.1.0.202410251130/tools/bin/../lib/gcc/arm-none-eabi/12.3.1/../../../../arm-none-eabi/lib/thumb/v6-m/nofp\libc_nano.a(libc_a-freer.o)
 .ARM.attributes
                0x0000066f       0x2c C:/ST/STM32CubeIDE_1.17.0/STM32CubeIDE/plugins/com.st.stm32cube.ide.mcu.externaltools.gnu-tools-for-stm32.12.3.rel1.win32_1.1.0.202410251130/tools/bin/../lib/gcc/arm-none-eabi/12.3.1/../../../../arm-none-eabi/lib/thumb/v6-m/nofp\libc_nano.a(libc_a-malloc.o)
 .ARM.attributes
                0x0000069b       0x2c C:/ST/STM32CubeIDE_1.17.0/STM32CubeIDE/plugins/com.st.stm32cube.ide.mcu.externaltools.gnu-tools-for-stm32.12.3.rel1.win32_1.1.0.202410251130/tools/bin/../lib/gcc/arm-none-eabi/12.3.1/../../../../arm-none-eabi/lib/thumb/v6-m/nofp\libc_nano.a(libc_a-mallocr.o)
 .ARM.attributes
                0x000006c7       0x2c C:/ST/STM32CubeIDE_1.17.0/STM32CubeIDE/plugins/com.st.stm32cube.ide.mcu.externaltools.gnu-tools-for-stm32.12.3.rel1.win32_1.1.0.202410251130/tools/bin/../lib/gcc/arm-none-eabi/12.3.1/../../../../arm-none-eabi/lib/thumb/v6-m/nofp\libc_nano.a(libc_a-mlock.o)
 .ARM.attributes
                0x000006f3       0x2c C:/ST/STM32CubeIDE_1.17.0/STM32CubeIDE/plugins/com.st.stm32cube.ide.mcu.externaltools.gnu-tools-for-stm32.12.3.rel1.win32_1.1.0.202410251130/tools/bin/../lib/gcc/arm-none-eabi/12.3.1/../../../../arm-none-eabi/lib/thumb/v6-m/nofp\libc_nano.a(libc_a-fflush.o)
 .ARM.attributes
                0x0000071f       0x2c C:/ST/STM32CubeIDE_1.17.0/STM32CubeIDE/plugins/com.st.stm32cube.ide.mcu.externaltools.gnu-tools-for-stm32.12.3.rel1.win32_1.1.0.202410251130/tools/bin/../lib/gcc/arm-none-eabi/12.3.1/../../../../arm-none-eabi/lib/thumb/v6-m/nofp\libc_nano.a(libc_a-fprintf.o)
 .ARM.attributes
                0x0000074b       0x2c C:/ST/STM32CubeIDE_1.17.0/STM32CubeIDE/plugins/com.st.stm32cube.ide.mcu.externaltools.gnu-tools-for-stm32.12.3.rel1.win32_1.1.0.202410251130/tools/bin/../lib/gcc/arm-none-eabi/12.3.1/../../../../arm-none-eabi/lib/thumb/v6-m/nofp\libc_nano.a(libc_a-sbrkr.o)
 .ARM.attributes
                0x00000777       0x2c C:/ST/STM32CubeIDE_1.17.0/STM32CubeIDE/plugins/com.st.stm32cube.ide.mcu.externaltools.gnu-tools-for-stm32.12.3.rel1.win32_1.1.0.202410251130/tools/bin/../lib/gcc/arm-none-eabi/12.3.1/../../../../arm-none-eabi/lib/thumb/v6-m/nofp\libc_nano.a(libc_a-abort.o)
 .ARM.attributes
                0x000007a3       0x2c C:/ST/STM32CubeIDE_1.17.0/STM32CubeIDE/plugins/com.st.stm32cube.ide.mcu.externaltools.gnu-tools-for-stm32.12.3.rel1.win32_1.1.0.202410251130/tools/bin/../lib/gcc/arm-none-eabi/12.3.1/../../../../arm-none-eabi/lib/thumb/v6-m/nofp\libc_nano.a(libc_a-nano-vfprintf.o)
 .ARM.attributes
                0x000007cf       0x2c C:/ST/STM32CubeIDE_1.17.0/STM32CubeIDE/plugins/com.st.stm32cube.ide.mcu.externaltools.gnu-tools-for-stm32.12.3.rel1.win32_1.1.0.202410251130/tools/bin/../lib/gcc/arm-none-eabi/12.3.1/../../../../arm-none-eabi/lib/thumb/v6-m/nofp\libc_nano.a(libc_a-nano-vfprintf_i.o)
 .ARM.attributes
                0x000007fb       0x2c C:/ST/STM32CubeIDE_1.17.0/STM32CubeIDE/plugins/com.st.stm32cube.ide.mcu.externaltools.gnu-tools-for-stm32.12.3.rel1.win32_1.1.0.202410251130/tools/bin/../lib/gcc/arm-none-eabi/12.3.1/../../../../arm-none-eabi/lib/thumb/v6-m/nofp\libc_nano.a(libc_a-wbuf.o)
 .ARM.attributes
                0x00000827       0x2c C:/ST/STM32CubeIDE_1.17.0/STM32CubeIDE/plugins/com.st.stm32cube.ide.mcu.externaltools.gnu-tools-for-stm32.12.3.rel1.win32_1.1.0.202410251130/tools/bin/../lib/gcc/arm-none-eabi/12.3.1/../../../../arm-none-eabi/lib/thumb/v6-m/nofp\libc_nano.a(libc_a-wsetup.o)
 .ARM.attributes
                0x00000853       0x2c C:/ST/STM32CubeIDE_1.17.0/STM32CubeIDE/plugins/com.st.stm32cube.ide.mcu.externaltools.gnu-tools-for-stm32.12.3.rel1.win32_1.1.0.202410251130/tools/bin/../lib/gcc/arm-none-eabi/12.3.1/../../../../arm-none-eabi/lib/thumb/v6-m/nofp\libc_nano.a(libc_a-signal.o)
 .ARM.attributes
                0x0000087f       0x2c C:/ST/STM32CubeIDE_1.17.0/STM32CubeIDE/plugins/com.st.stm32cube.ide.mcu.externaltools.gnu-tools-for-stm32.12.3.rel1.win32_1.1.0.202410251130/tools/bin/../lib/gcc/arm-none-eabi/12.3.1/../../../../arm-none-eabi/lib/thumb/v6-m/nofp\libc_nano.a(libc_a-signalr.o)
 .ARM.attributes
                0x000008ab       0x2c C:/ST/STM32CubeIDE_1.17.0/STM32CubeIDE/plugins/com.st.stm32cube.ide.mcu.externaltools.gnu-tools-for-stm32.12.3.rel1.win32_1.1.0.202410251130/tools/bin/../lib/gcc/arm-none-eabi/12.3.1/../../../../arm-none-eabi/lib/thumb/v6-m/nofp\libc_nano.a(libc_a-memchr-stub.o)
 .ARM.attributes
                0x000008d7       0x2c C:/ST/STM32CubeIDE_1.17.0/STM32CubeIDE/plugins/com.st.stm32cube.ide.mcu.externaltools.gnu-tools-for-stm32.12.3.rel1.win32_1.1.0.202410251130/tools/bin/../lib/gcc/arm-none-eabi/12.3.1/../../../../arm-none-eabi/lib/thumb/v6-m/nofp\libc_nano.a(libc_a-makebuf.o)
 .ARM.attributes
                0x00000903       0x2c C:/ST/STM32CubeIDE_1.17.0/STM32CubeIDE/plugins/com.st.stm32cube.ide.mcu.externaltools.gnu-tools-for-stm32.12.3.rel1.win32_1.1.0.202410251130/tools/bin/../lib/gcc/arm-none-eabi/12.3.1/../../../../arm-none-eabi/lib/thumb/v6-m/nofp\libc_nano.a(libc_a-fstatr.o)
 .ARM.attributes
                0x0000092f       0x2c C:/ST/STM32CubeIDE_1.17.0/STM32CubeIDE/plugins/com.st.stm32cube.ide.mcu.externaltools.gnu-tools-for-stm32.12.3.rel1.win32_1.1.0.202410251130/tools/bin/../lib/gcc/arm-none-eabi/12.3.1/../../../../arm-none-eabi/lib/thumb/v6-m/nofp\libc_nano.a(libc_a-isattyr.o)
 .ARM.attributes
                0x0000095b       0x1e C:/ST/STM32CubeIDE_1.17.0/STM32CubeIDE/plugins/com.st.stm32cube.ide.mcu.externaltools.gnu-tools-for-stm32.12.3.rel1.win32_1.1.0.202410251130/tools/bin/../lib/gcc/arm-none-eabi/12.3.1/thumb/v6-m/nofp\libgcc.a(_thumb1_case_shi.o)
 .ARM.attributes
                0x00000979       0x1e C:/ST/STM32CubeIDE_1.17.0/STM32CubeIDE/plugins/com.st.stm32cube.ide.mcu.externaltools.gnu-tools-for-stm32.12.3.rel1.win32_1.1.0.202410251130/tools/bin/../lib/gcc/arm-none-eabi/12.3.1/thumb/v6-m/nofp\libgcc.a(_udivsi3.o)
 .ARM.attributes
                0x00000997       0x1e C:/ST/STM32CubeIDE_1.17.0/STM32CubeIDE/plugins/com.st.stm32cube.ide.mcu.externaltools.gnu-tools-for-stm32.12.3.rel1.win32_1.1.0.202410251130/tools/bin/../lib/gcc/arm-none-eabi/12.3.1/thumb/v6-m/nofp\libgcc.a(_divsi3.o)
 .ARM.attributes
                0x000009b5       0x1e C:/ST/STM32CubeIDE_1.17.0/STM32CubeIDE/plugins/com.st.stm32cube.ide.mcu.externaltools.gnu-tools-for-stm32.12.3.rel1.win32_1.1.0.202410251130/tools/bin/../lib/gcc/arm-none-eabi/12.3.1/thumb/v6-m/nofp\libgcc.a(_dvmd_tls.o)
 .ARM.attributes
                0x000009d3       0x2c C:/ST/STM32CubeIDE_1.17.0/STM32CubeIDE/plugins/com.st.stm32cube.ide.mcu.externaltools.gnu-tools-for-stm32.12.3.rel1.win32_1.1.0.202410251130/tools/bin/../lib/gcc/arm-none-eabi/12.3.1/thumb/v6-m/nofp\libgcc.a(_muldi3.o)
 .ARM.attributes
                0x000009ff       0x1e C:/ST/STM32CubeIDE_1.17.0/STM32CubeIDE/plugins/com.st.stm32cube.ide.mcu.externaltools.gnu-tools-for-stm32.12.3.rel1.win32_1.1.0.202410251130/tools/bin/../lib/gcc/arm-none-eabi/12.3.1/thumb/v6-m/nofp/crtn.o
OUTPUT(TetrisEarrings.elf elf32-littlearm)
LOAD linker stubs
LOAD C:/ST/STM32CubeIDE_1.17.0/STM32CubeIDE/plugins/com.st.stm32cube.ide.mcu.externaltools.gnu-tools-for-stm32.12.3.rel1.win32_1.1.0.202410251130/tools/bin/../lib/gcc/arm-none-eabi/12.3.1/../../../../arm-none-eabi/lib/thumb/v6-m/nofp\libc.a
LOAD C:/ST/STM32CubeIDE_1.17.0/STM32CubeIDE/plugins/com.st.stm32cube.ide.mcu.externaltools.gnu-tools-for-stm32.12.3.rel1.win32_1.1.0.202410251130/tools/bin/../lib/gcc/arm-none-eabi/12.3.1/../../../../arm-none-eabi/lib/thumb/v6-m/nofp\libm.a
LOAD C:/ST/STM32CubeIDE_1.17.0/STM32CubeIDE/plugins/com.st.stm32cube.ide.mcu.externaltools.gnu-tools-for-stm32.12.3.rel1.win32_1.1.0.202410251130/tools/bin/../lib/gcc/arm-none-eabi/12.3.1/thumb/v6-m/nofp\libgcc.a

.debug_info     0x00000000    0x100d4
 .debug_info    0x00000000     0x1c42 ./Core/Src/effects.o
 .debug_info    0x00001c42     0x117d ./Core/Src/games.o
 .debug_info    0x00002dbf      0x890 ./Core/Src/ledMatrix.o
 .debug_info    0x0000364f     0x1484 ./Core/Src/main.o
 .debug_info    0x00004ad3      0x3c2 ./Core/Src/saportAndData.o
 .debug_info    0x00004e95      0xce8 ./Core/Src/stm32f0xx_hal_msp.o
 .debug_info    0x00005b7d      0x357 ./Core/Src/stm32f0xx_it.o
 .debug_info    0x00005ed4      0x787 ./Core/Src/syscalls.o
 .debug_info    0x0000665b      0x186 ./Core/Src/sysmem.o
 .debug_info    0x000067e1      0x271 ./Core/Src/system_stm32f0xx.o
 .debug_info    0x00006a52      0xa64 ./Core/Src/work.o
 .debug_info    0x000074b6       0x30 ./Core/Startup/startup_stm32f070f6px.o
 .debug_info    0x000074e6      0x705 ./Drivers/STM32F0xx_HAL_Driver/Src/stm32f0xx_hal.o
 .debug_info    0x00007beb      0xf5a ./Drivers/STM32F0xx_HAL_Driver/Src/stm32f0xx_hal_adc.o
 .debug_info    0x00008b45      0x7a6 ./Drivers/STM32F0xx_HAL_Driver/Src/stm32f0xx_hal_cortex.o
 .debug_info    0x000092eb      0x846 ./Drivers/STM32F0xx_HAL_Driver/Src/stm32f0xx_hal_dma.o
 .debug_info    0x00009b31      0x604 ./Drivers/STM32F0xx_HAL_Driver/Src/stm32f0xx_hal_gpio.o
 .debug_info    0x0000a135      0xa47 ./Drivers/STM32F0xx_HAL_Driver/Src/stm32f0xx_hal_rcc.o
 .debug_info    0x0000ab7c     0x3b53 ./Drivers/STM32F0xx_HAL_Driver/Src/stm32f0xx_hal_tim.o
 .debug_info    0x0000e6cf     0x1a05 ./Drivers/STM32F0xx_HAL_Driver/Src/stm32f0xx_hal_tim_ex.o

.debug_abbrev   0x00000000     0x27ea
 .debug_abbrev  0x00000000      0x2ab ./Core/Src/effects.o
 .debug_abbrev  0x000002ab      0x2e3 ./Core/Src/games.o
 .debug_abbrev  0x0000058e      0x261 ./Core/Src/ledMatrix.o
 .debug_abbrev  0x000007ef      0x2f4 ./Core/Src/main.o
 .debug_abbrev  0x00000ae3       0xbe ./Core/Src/saportAndData.o
 .debug_abbrev  0x00000ba1      0x218 ./Core/Src/stm32f0xx_hal_msp.o
 .debug_abbrev  0x00000db9      0x144 ./Core/Src/stm32f0xx_it.o
 .debug_abbrev  0x00000efd      0x1c3 ./Core/Src/syscalls.o
 .debug_abbrev  0x000010c0       0xdc ./Core/Src/sysmem.o
 .debug_abbrev  0x0000119c      0x138 ./Core/Src/system_stm32f0xx.o
 .debug_abbrev  0x000012d4      0x1d0 ./Core/Src/work.o
 .debug_abbrev  0x000014a4       0x24 ./Core/Startup/startup_stm32f070f6px.o
 .debug_abbrev  0x000014c8      0x26b ./Drivers/STM32F0xx_HAL_Driver/Src/stm32f0xx_hal.o
 .debug_abbrev  0x00001733      0x231 ./Drivers/STM32F0xx_HAL_Driver/Src/stm32f0xx_hal_adc.o
 .debug_abbrev  0x00001964      0x2ee ./Drivers/STM32F0xx_HAL_Driver/Src/stm32f0xx_hal_cortex.o
 .debug_abbrev  0x00001c52      0x1f8 ./Drivers/STM32F0xx_HAL_Driver/Src/stm32f0xx_hal_dma.o
 .debug_abbrev  0x00001e4a      0x1f6 ./Drivers/STM32F0xx_HAL_Driver/Src/stm32f0xx_hal_gpio.o
 .debug_abbrev  0x00002040      0x29e ./Drivers/STM32F0xx_HAL_Driver/Src/stm32f0xx_hal_rcc.o
 .debug_abbrev  0x000022de      0x287 ./Drivers/STM32F0xx_HAL_Driver/Src/stm32f0xx_hal_tim.o
 .debug_abbrev  0x00002565      0x285 ./Drivers/STM32F0xx_HAL_Driver/Src/stm32f0xx_hal_tim_ex.o

.debug_loclists
                0x00000000     0x7a5a
 .debug_loclists
                0x00000000      0x87b ./Core/Src/effects.o
 .debug_loclists
                0x0000087b      0x6bf ./Core/Src/games.o
 .debug_loclists
                0x00000f3a      0x177 ./Core/Src/ledMatrix.o
 .debug_loclists
                0x000010b1       0xd2 ./Core/Src/stm32f0xx_hal_msp.o
 .debug_loclists
                0x00001183      0x260 ./Core/Src/syscalls.o
 .debug_loclists
                0x000013e3       0x61 ./Core/Src/sysmem.o
 .debug_loclists
                0x00001444       0xd8 ./Core/Src/system_stm32f0xx.o
 .debug_loclists
                0x0000151c       0x50 ./Core/Src/work.o
 .debug_loclists
                0x0000156c       0xc9 ./Drivers/STM32F0xx_HAL_Driver/Src/stm32f0xx_hal.o
 .debug_loclists
                0x00001635      0x8fe ./Drivers/STM32F0xx_HAL_Driver/Src/stm32f0xx_hal_adc.o
 .debug_loclists
                0x00001f33      0x1ae ./Drivers/STM32F0xx_HAL_Driver/Src/stm32f0xx_hal_cortex.o
 .debug_loclists
                0x000020e1      0x570 ./Drivers/STM32F0xx_HAL_Driver/Src/stm32f0xx_hal_dma.o
 .debug_loclists
                0x00002651      0x25d ./Drivers/STM32F0xx_HAL_Driver/Src/stm32f0xx_hal_gpio.o
 .debug_loclists
                0x000028ae      0x3f3 ./Drivers/STM32F0xx_HAL_Driver/Src/stm32f0xx_hal_rcc.o
 .debug_loclists
                0x00002ca1     0x37e9 ./Drivers/STM32F0xx_HAL_Driver/Src/stm32f0xx_hal_tim.o
 .debug_loclists
                0x0000648a     0x15d0 ./Drivers/STM32F0xx_HAL_Driver/Src/stm32f0xx_hal_tim_ex.o

.debug_aranges  0x00000000      0xcb0
 .debug_aranges
                0x00000000       0xa8 ./Core/Src/effects.o
 .debug_aranges
                0x000000a8       0x98 ./Core/Src/games.o
 .debug_aranges
                0x00000140       0x40 ./Core/Src/ledMatrix.o
 .debug_aranges
                0x00000180       0x50 ./Core/Src/main.o
 .debug_aranges
                0x000001d0       0x18 ./Core/Src/saportAndData.o
 .debug_aranges
                0x000001e8       0x48 ./Core/Src/stm32f0xx_hal_msp.o
 .debug_aranges
                0x00000230       0x48 ./Core/Src/stm32f0xx_it.o
 .debug_aranges
                0x00000278       0xa8 ./Core/Src/syscalls.o
 .debug_aranges
                0x00000320       0x20 ./Core/Src/sysmem.o
 .debug_aranges
                0x00000340       0x28 ./Core/Src/system_stm32f0xx.o
 .debug_aranges
                0x00000368       0x28 ./Core/Src/work.o
 .debug_aranges
                0x00000390       0x28 ./Core/Startup/startup_stm32f070f6px.o
 .debug_aranges
                0x000003b8       0xd0 ./Drivers/STM32F0xx_HAL_Driver/Src/stm32f0xx_hal.o
 .debug_aranges
                0x00000488       0xf8 ./Drivers/STM32F0xx_HAL_Driver/Src/stm32f0xx_hal_adc.o
 .debug_aranges
                0x00000580       0x98 ./Drivers/STM32F0xx_HAL_Driver/Src/stm32f0xx_hal_cortex.o
 .debug_aranges
                0x00000618       0x88 ./Drivers/STM32F0xx_HAL_Driver/Src/stm32f0xx_hal_dma.o
 .debug_aranges
                0x000006a0       0x58 ./Drivers/STM32F0xx_HAL_Driver/Src/stm32f0xx_hal_gpio.o
 .debug_aranges
                0x000006f8       0x80 ./Drivers/STM32F0xx_HAL_Driver/Src/stm32f0xx_hal_rcc.o
 .debug_aranges
                0x00000778      0x3d0 ./Drivers/STM32F0xx_HAL_Driver/Src/stm32f0xx_hal_tim.o
 .debug_aranges
                0x00000b48      0x168 ./Drivers/STM32F0xx_HAL_Driver/Src/stm32f0xx_hal_tim_ex.o

.debug_rnglists
                0x00000000      0xc80
 .debug_rnglists
                0x00000000      0x1e5 ./Core/Src/effects.o
 .debug_rnglists
                0x000001e5      0x1f2 ./Core/Src/games.o
 .debug_rnglists
                0x000003d7       0x37 ./Core/Src/ledMatrix.o
 .debug_rnglists
                0x0000040e       0x38 ./Core/Src/main.o
 .debug_rnglists
                0x00000446       0x31 ./Core/Src/stm32f0xx_hal_msp.o
 .debug_rnglists
                0x00000477       0x31 ./Core/Src/stm32f0xx_it.o
 .debug_rnglists
                0x000004a8       0x79 ./Core/Src/syscalls.o
 .debug_rnglists
                0x00000521       0x13 ./Core/Src/sysmem.o
 .debug_rnglists
                0x00000534       0x1a ./Core/Src/system_stm32f0xx.o
 .debug_rnglists
                0x0000054e       0x1a ./Core/Src/work.o
 .debug_rnglists
                0x00000568       0x1a ./Core/Startup/startup_stm32f070f6px.o
 .debug_rnglists
                0x00000582       0x97 ./Drivers/STM32F0xx_HAL_Driver/Src/stm32f0xx_hal.o
 .debug_rnglists
                0x00000619       0xc1 ./Drivers/STM32F0xx_HAL_Driver/Src/stm32f0xx_hal_adc.o
 .debug_rnglists
                0x000006da       0x79 ./Drivers/STM32F0xx_HAL_Driver/Src/stm32f0xx_hal_cortex.o
 .debug_rnglists
                0x00000753       0x63 ./Drivers/STM32F0xx_HAL_Driver/Src/stm32f0xx_hal_dma.o
 .debug_rnglists
                0x000007b6       0x3f ./Drivers/STM32F0xx_HAL_Driver/Src/stm32f0xx_hal_gpio.o
 .debug_rnglists
                0x000007f5       0x6e ./Drivers/STM32F0xx_HAL_Driver/Src/stm32f0xx_hal_rcc.o
 .debug_rnglists
                0x00000863      0x303 ./Drivers/STM32F0xx_HAL_Driver/Src/stm32f0xx_hal_tim.o
 .debug_rnglists
                0x00000b66      0x11a ./Drivers/STM32F0xx_HAL_Driver/Src/stm32f0xx_hal_tim_ex.o

.debug_macro    0x00000000    0x124ea
 .debug_macro   0x00000000      0x2bb ./Core/Src/effects.o
 .debug_macro   0x000002bb      0xa8a ./Core/Src/effects.o
 .debug_macro   0x00000d45      0x133 ./Core/Src/effects.o
 .debug_macro   0x00000e78       0x2e ./Core/Src/effects.o
 .debug_macro   0x00000ea6       0x22 ./Core/Src/effects.o
 .debug_macro   0x00000ec8       0x22 ./Core/Src/effects.o
 .debug_macro   0x00000eea       0x8e ./Core/Src/effects.o
 .debug_macro   0x00000f78       0x51 ./Core/Src/effects.o
 .debug_macro   0x00000fc9      0x103 ./Core/Src/effects.o
 .debug_macro   0x000010cc       0x6a ./Core/Src/effects.o
 .debug_macro   0x00001136      0x1df ./Core/Src/effects.o
 .debug_macro   0x00001315       0x1c ./Core/Src/effects.o
 .debug_macro   0x00001331       0x22 ./Core/Src/effects.o
 .debug_macro   0x00001353       0xaf ./Core/Src/effects.o
 .debug_macro   0x00001402      0x391 ./Core/Src/effects.o
 .debug_macro   0x00001793     0x72a4 ./Core/Src/effects.o
 .debug_macro   0x00008a37       0x66 ./Core/Src/effects.o
 .debug_macro   0x00008a9d     0x34da ./Core/Src/effects.o
 .debug_macro   0x0000bf77      0x189 ./Core/Src/effects.o
 .debug_macro   0x0000c100       0x55 ./Core/Src/effects.o
 .debug_macro   0x0000c155      0x924 ./Core/Src/effects.o
 .debug_macro   0x0000ca79      0x19b ./Core/Src/effects.o
 .debug_macro   0x0000cc14      0x1ae ./Core/Src/effects.o
 .debug_macro   0x0000cdc2       0xea ./Core/Src/effects.o
 .debug_macro   0x0000ceac      0x1a0 ./Core/Src/effects.o
 .debug_macro   0x0000d04c      0x1ed ./Core/Src/effects.o
 .debug_macro   0x0000d239       0x34 ./Core/Src/effects.o
 .debug_macro   0x0000d26d       0x43 ./Core/Src/effects.o
 .debug_macro   0x0000d2b0       0x28 ./Core/Src/effects.o
 .debug_macro   0x0000d2d8      0x33d ./Core/Src/effects.o
 .debug_macro   0x0000d615       0xbc ./Core/Src/effects.o
 .debug_macro   0x0000d6d1       0xb0 ./Core/Src/effects.o
 .debug_macro   0x0000d781      0x15a ./Core/Src/effects.o
 .debug_macro   0x0000d8db      0x22c ./Core/Src/effects.o
 .debug_macro   0x0000db07       0x61 ./Core/Src/effects.o
 .debug_macro   0x0000db68       0xa5 ./Core/Src/effects.o
 .debug_macro   0x0000dc0d       0x4c ./Core/Src/effects.o
 .debug_macro   0x0000dc59       0x32 ./Core/Src/effects.o
 .debug_macro   0x0000dc8b      0x8f4 ./Core/Src/effects.o
 .debug_macro   0x0000e57f       0x28 ./Core/Src/effects.o
 .debug_macro   0x0000e5a7      0x10b ./Core/Src/effects.o
 .debug_macro   0x0000e6b2       0x24 ./Core/Src/effects.o
 .debug_macro   0x0000e6d6       0x61 ./Core/Src/effects.o
 .debug_macro   0x0000e737       0x43 ./Core/Src/effects.o
 .debug_macro   0x0000e77a       0x34 ./Core/Src/effects.o
 .debug_macro   0x0000e7ae       0x16 ./Core/Src/effects.o
 .debug_macro   0x0000e7c4       0x35 ./Core/Src/effects.o
 .debug_macro   0x0000e7f9       0x16 ./Core/Src/effects.o
 .debug_macro   0x0000e80f       0x43 ./Core/Src/effects.o
 .debug_macro   0x0000e852       0x34 ./Core/Src/effects.o
 .debug_macro   0x0000e886       0x10 ./Core/Src/effects.o
 .debug_macro   0x0000e896       0x58 ./Core/Src/effects.o
 .debug_macro   0x0000e8ee       0x8e ./Core/Src/effects.o
 .debug_macro   0x0000e97c       0x1c ./Core/Src/effects.o
 .debug_macro   0x0000e998      0x177 ./Core/Src/effects.o
 .debug_macro   0x0000eb0f      0x369 ./Core/Src/effects.o
 .debug_macro   0x0000ee78       0x16 ./Core/Src/effects.o
 .debug_macro   0x0000ee8e       0x29 ./Core/Src/effects.o
 .debug_macro   0x0000eeb7       0x46 ./Core/Src/effects.o
 .debug_macro   0x0000eefd       0x22 ./Core/Src/effects.o
 .debug_macro   0x0000ef1f       0x34 ./Core/Src/effects.o
 .debug_macro   0x0000ef53      0x2bb ./Core/Src/games.o
 .debug_macro   0x0000f20e       0x52 ./Core/Src/games.o
 .debug_macro   0x0000f260      0x2ac ./Core/Src/ledMatrix.o
 .debug_macro   0x0000f50c      0x2dd ./Core/Src/main.o
 .debug_macro   0x0000f7e9       0x28 ./Core/Src/main.o
 .debug_macro   0x0000f811       0x3a ./Core/Src/main.o
 .debug_macro   0x0000f84b       0x34 ./Core/Src/main.o
 .debug_macro   0x0000f87f      0x29d ./Core/Src/saportAndData.o
 .debug_macro   0x0000fb1c      0x2dd ./Core/Src/stm32f0xx_hal_msp.o
 .debug_macro   0x0000fdf9      0x2e7 ./Core/Src/stm32f0xx_it.o
 .debug_macro   0x000100e0      0x274 ./Core/Src/syscalls.o
 .debug_macro   0x00010354       0x5b ./Core/Src/syscalls.o
 .debug_macro   0x000103af       0x94 ./Core/Src/syscalls.o
 .debug_macro   0x00010443       0x57 ./Core/Src/syscalls.o
 .debug_macro   0x0001049a       0x10 ./Core/Src/syscalls.o
 .debug_macro   0x000104aa       0x10 ./Core/Src/syscalls.o
 .debug_macro   0x000104ba       0x10 ./Core/Src/syscalls.o
 .debug_macro   0x000104ca       0x10 ./Core/Src/syscalls.o
 .debug_macro   0x000104da       0x1c ./Core/Src/syscalls.o
 .debug_macro   0x000104f6       0x52 ./Core/Src/syscalls.o
 .debug_macro   0x00010548       0x22 ./Core/Src/syscalls.o
 .debug_macro   0x0001056a       0x10 ./Core/Src/syscalls.o
 .debug_macro   0x0001057a       0x52 ./Core/Src/syscalls.o
 .debug_macro   0x000105cc       0xcf ./Core/Src/syscalls.o
 .debug_macro   0x0001069b       0x1c ./Core/Src/syscalls.o
 .debug_macro   0x000106b7       0x3d ./Core/Src/syscalls.o
 .debug_macro   0x000106f4       0x35 ./Core/Src/syscalls.o
 .debug_macro   0x00010729      0x12c ./Core/Src/syscalls.o
 .debug_macro   0x00010855       0x10 ./Core/Src/syscalls.o
 .debug_macro   0x00010865      0x242 ./Core/Src/syscalls.o
 .debug_macro   0x00010aa7       0x1c ./Core/Src/syscalls.o
 .debug_macro   0x00010ac3       0x10 ./Core/Src/syscalls.o
 .debug_macro   0x00010ad3       0x10 ./Core/Src/syscalls.o
 .debug_macro   0x00010ae3       0x16 ./Core/Src/syscalls.o
 .debug_macro   0x00010af9      0x146 ./Core/Src/syscalls.o
 .debug_macro   0x00010c3f      0x18a ./Core/Src/syscalls.o
 .debug_macro   0x00010dc9       0x16 ./Core/Src/syscalls.o
 .debug_macro   0x00010ddf       0xce ./Core/Src/syscalls.o
 .debug_macro   0x00010ead       0xff ./Core/Src/sysmem.o
 .debug_macro   0x00010fac      0x23c ./Core/Src/sysmem.o
 .debug_macro   0x000111e8      0x1c2 ./Core/Src/system_stm32f0xx.o
 .debug_macro   0x000113aa      0x2ce ./Core/Src/work.o
 .debug_macro   0x00011678      0x1e6 ./Drivers/STM32F0xx_HAL_Driver/Src/stm32f0xx_hal.o
 .debug_macro   0x0001185e      0x1e6 ./Drivers/STM32F0xx_HAL_Driver/Src/stm32f0xx_hal_adc.o
 .debug_macro   0x00011a44      0x1c2 ./Drivers/STM32F0xx_HAL_Driver/Src/stm32f0xx_hal_cortex.o
 .debug_macro   0x00011c06      0x1c2 ./Drivers/STM32F0xx_HAL_Driver/Src/stm32f0xx_hal_dma.o
 .debug_macro   0x00011dc8      0x1c9 ./Drivers/STM32F0xx_HAL_Driver/Src/stm32f0xx_hal_gpio.o
 .debug_macro   0x00011f91      0x1d4 ./Drivers/STM32F0xx_HAL_Driver/Src/stm32f0xx_hal_rcc.o
 .debug_macro   0x00012165      0x1c3 ./Drivers/STM32F0xx_HAL_Driver/Src/stm32f0xx_hal_tim.o
 .debug_macro   0x00012328      0x1c2 ./Drivers/STM32F0xx_HAL_Driver/Src/stm32f0xx_hal_tim_ex.o

.debug_line     0x00000000    0x153b2
 .debug_line    0x00000000     0x1c7b ./Core/Src/effects.o
 .debug_line    0x00001c7b     0x1631 ./Core/Src/games.o
 .debug_line    0x000032ac      0xa2f ./Core/Src/ledMatrix.o
 .debug_line    0x00003cdb      0xc76 ./Core/Src/main.o
 .debug_line    0x00004951      0x8a0 ./Core/Src/saportAndData.o
 .debug_line    0x000051f1      0xaa8 ./Core/Src/stm32f0xx_hal_msp.o
 .debug_line    0x00005c99      0x990 ./Core/Src/stm32f0xx_it.o
 .debug_line    0x00006629      0x954 ./Core/Src/syscalls.o
 .debug_line    0x00006f7d      0x5a3 ./Core/Src/sysmem.o
 .debug_line    0x00007520      0x809 ./Core/Src/system_stm32f0xx.o
 .debug_line    0x00007d29      0xc12 ./Core/Src/work.o
 .debug_line    0x0000893b       0x8d ./Core/Startup/startup_stm32f070f6px.o
 .debug_line    0x000089c8      0xa5c ./Drivers/STM32F0xx_HAL_Driver/Src/stm32f0xx_hal.o
 .debug_line    0x00009424     0x1561 ./Drivers/STM32F0xx_HAL_Driver/Src/stm32f0xx_hal_adc.o
 .debug_line    0x0000a985      0xafa ./Drivers/STM32F0xx_HAL_Driver/Src/stm32f0xx_hal_cortex.o
 .debug_line    0x0000b47f      0xfec ./Drivers/STM32F0xx_HAL_Driver/Src/stm32f0xx_hal_dma.o
 .debug_line    0x0000c46b      0xc45 ./Drivers/STM32F0xx_HAL_Driver/Src/stm32f0xx_hal_gpio.o
 .debug_line    0x0000d0b0     0x10ed ./Drivers/STM32F0xx_HAL_Driver/Src/stm32f0xx_hal_rcc.o
 .debug_line    0x0000e19d     0x5099 ./Drivers/STM32F0xx_HAL_Driver/Src/stm32f0xx_hal_tim.o
 .debug_line    0x00013236     0x217c ./Drivers/STM32F0xx_HAL_Driver/Src/stm32f0xx_hal_tim_ex.o

.debug_str      0x00000000    0x66de2
 .debug_str     0x00000000    0x615d1 ./Core/Src/effects.o
                              0x6188e (size before relaxing)
 .debug_str     0x000615d1      0x323 ./Core/Src/games.o
                              0x6191f (size before relaxing)
 .debug_str     0x000618f4      0x4da ./Core/Src/ledMatrix.o
                              0x61ab0 (size before relaxing)
 .debug_str     0x00061dce      0x82f ./Core/Src/main.o
                              0x624e1 (size before relaxing)
 .debug_str     0x000625fd       0x1c ./Core/Src/saportAndData.o
                              0x6152a (size before relaxing)
 .debug_str     0x00062619       0xb0 ./Core/Src/stm32f0xx_hal_msp.o
                              0x61f85 (size before relaxing)
 .debug_str     0x000626c9       0x95 ./Core/Src/stm32f0xx_it.o
                              0x619ac (size before relaxing)
 .debug_str     0x0006275e     0x2600 ./Core/Src/syscalls.o
                               0x97b2 (size before relaxing)
 .debug_str     0x00064d5e       0x6b ./Core/Src/sysmem.o
                               0x5fca (size before relaxing)
 .debug_str     0x00064dc9       0x8b ./Core/Src/system_stm32f0xx.o