../Core/Src/effects.c:9:6:DrawSmiley	16	static
../Core/Src/effects.c:34:6:DrawHeart	48	static
../Core/Src/effects.c:75:6:Heart_Tick	8	static
../Core/Src/effects.c:88:6:ModeTransition	24	static
../Core/Src/effects.c:101:6:Fire_Tick	80	static
../Core/Src/effects.c:175:6:Matrix_Init	16	static
../Core/Src/effects.c:183:6:Matrix_Tick	40	static
../Core/Src/effects.c:220:6:Stars_Init	16	static
../Core/Src/effects.c:229:6:Stars_Tick	48	static
../Core/Src/effects.c:283:6:ColorWheel	24	static
../Core/Src/effects.c:309:6:Rainbow_Tick	40	static
../Core/Src/effects.c:328:6:ChangeBallColor	24	static
../Core/Src/effects.c:339:6:DrawSmoothBall	48	static
../Core/Src/effects.c:359:6:Balls_Init	8	static
../Core/Src/effects.c:373:6:Balls_Tick	64	static
../Core/Src/effects.c:442:6:Rain_Init	16	static
../Core/Src/effects.c:447:6:Rain_Tick	56	static
