../Core/Src/effects.c:9:6:DrawSmiley	16	static
../Core/Src/effects.c:34:6:DrawHeart	24	static
../Core/Src/effects.c:75:6:Heart_Tick	8	static
../Core/Src/effects.c:88:6:ModeTransition	24	static
../Core/Src/effects.c:104:6:ShutdownAnim	32	static
../Core/Src/effects.c:154:6:Fire_Tick	32	static
../Core/Src/effects.c:228:6:Matrix_Init	8	static
../Core/Src/effects.c:236:6:Matrix_Tick	24	static
../Core/Src/effects.c:273:6:Stars_Init	8	static
../Core/Src/effects.c:282:6:Stars_Tick	24	static
../Core/Src/effects.c:336:6:ColorWheel	8	static
../Core/Src/effects.c:362:6:Rainbow_Tick	40	static
../Core/Src/effects.c:381:6:ChangeBallColor	16	static
../Core/Src/effects.c:392:6:DrawSmoothBall	72	static
../Core/Src/effects.c:423:6:Balls_Init	16	static
../Core/Src/effects.c:437:6:Balls_Tick	64	static
../Core/Src/effects.c:519:6:Rain_Init	0	static
../Core/Src/effects.c:524:6:Rain_Tick	32	static
