../Core/Src/games.c:34:6:DrawGame	32	static
../Core/Src/games.c:61:9:CheckCollision	32	static
../Core/Src/games.c:149:13:ChooseBestMove	112	static
../Core/Src/games.c:80:6:LockPiece	20	static
../Core/Src/games.c:95:6:ClearLines	16	static
../Core/Src/games.c:119:6:GameOverAnim	8	static
../Core/Src/games.c:225:6:SpawnPiece	16	static
../Core/Src/games.c:250:6:BotMove	16	static
../Core/Src/games.c:277:6:GameTick	8	static
../Core/Src/games.c:303:6:Snake_SpawnFood	16	static
../Core/Src/games.c:321:6:Snake_Init	8	static
../Core/Src/games.c:335:9:Snake_IsSafe	8	static
../Core/Src/games.c:347:6:Snake_BotLogic	40	static
../Core/Src/games.c:394:6:Snake_GameOverAnim	24	static
../Core/Src/games.c:415:6:Snake_Tick	24	static
../Core/Src/games.c:462:6:Tetris_Init	8	static
