../Core/Src/games.c:34:6:DrawGame	64	static
../Core/Src/games.c:61:9:CheckCollision	48	static
../Core/Src/games.c:80:6:LockPiece	32	static
../Core/Src/games.c:95:6:ClearLines	32	static
../Core/Src/games.c:119:6:GameOverAnim	24	static
../Core/Src/games.c:144:6:SpawnPiece	8	static
../Core/Src/games.c:171:6:BotMove	16	static
../Core/Src/games.c:198:6:GameTick	8	static
../Core/Src/games.c:224:6:Snake_SpawnFood	16	static
../Core/Src/games.c:242:6:Snake_Init	8	static
../Core/Src/games.c:256:9:Snake_IsSafe	24	static
../Core/Src/games.c:268:6:Snake_BotLogic	56	static
../Core/Src/games.c:315:6:Snake_GameOverAnim	32	static
../Core/Src/games.c:336:6:Snake_Tick	32	static
../Core/Src/games.c:383:6:Tetris_Init	16	static
