../Drivers/STM32F0xx_HAL_Driver/Src/stm32f0xx_hal_dma.c:825:13:DMA_SetConfig	16	static
../Drivers/STM32F0xx_HAL_Driver/Src/stm32f0xx_hal_dma.c:859:13:DMA_CalcBaseAndBitshift	8	static
../Drivers/STM32F0xx_HAL_Driver/Src/stm32f0xx_hal_dma.c:137:19:HAL_DMA_Init	16	static
../Drivers/STM32F0xx_HAL_Driver/Src/stm32f0xx_hal_dma.c:199:19:HAL_DMA_DeInit	16	static
../Drivers/STM32F0xx_HAL_Driver/Src/stm32f0xx_hal_dma.c:281:19:HAL_DMA_Start	16	static
../Drivers/STM32F0xx_HAL_Driver/Src/stm32f0xx_hal_dma.c:328:19:HAL_DMA_Start_IT	16	static
../Drivers/STM32F0xx_HAL_Driver/Src/stm32f0xx_hal_dma.c:384:19:HAL_DMA_Abort	8	static
../Drivers/STM32F0xx_HAL_Driver/Src/stm32f0xx_hal_dma.c:422:19:HAL_DMA_Abort_IT	8	static
../Drivers/STM32F0xx_HAL_Driver/Src/stm32f0xx_hal_dma.c:468:19:HAL_DMA_PollForTransfer	32	static
../Drivers/STM32F0xx_HAL_Driver/Src/stm32f0xx_hal_dma.c:569:6:HAL_DMA_IRQHandler	16	static
../Drivers/STM32F0xx_HAL_Driver/Src/stm32f0xx_hal_dma.c:661:19:HAL_DMA_RegisterCallback	8	static
../Drivers/STM32F0xx_HAL_Driver/Src/stm32f0xx_hal_dma.c:712:19:HAL_DMA_UnRegisterCallback	0	static
../Drivers/STM32F0xx_HAL_Driver/Src/stm32f0xx_hal_dma.c:788:22:HAL_DMA_GetState	0	static
../Drivers/STM32F0xx_HAL_Driver/Src/stm32f0xx_hal_dma.c:799:10:HAL_DMA_GetError	0	static
